Archive member included to satisfy reference by file (symbol)

/home/tanjie/EmbeddedLibrary/arm-gnu-toolchain-12.2.rel1-x86_64-arm-none-eabi/bin/../lib/gcc/arm-none-eabi/12.2.1/../../../../arm-none-eabi/lib/thumb/v7-m/nofp/libc_nano.a(libc_a-exit.o)
                              /home/tanjie/EmbeddedLibrary/arm-gnu-toolchain-12.2.rel1-x86_64-arm-none-eabi/bin/../lib/gcc/arm-none-eabi/12.2.1/../../../../arm-none-eabi/lib/thumb/v7-m/nofp/crt0.o (exit)
/home/tanjie/EmbeddedLibrary/arm-gnu-toolchain-12.2.rel1-x86_64-arm-none-eabi/bin/../lib/gcc/arm-none-eabi/12.2.1/../../../../arm-none-eabi/lib/thumb/v7-m/nofp/libc_nano.a(libc_a-init.o)
                              /home/tanjie/EmbeddedLibrary/arm-gnu-toolchain-12.2.rel1-x86_64-arm-none-eabi/bin/../lib/gcc/arm-none-eabi/12.2.1/../../../../arm-none-eabi/lib/thumb/v7-m/nofp/crt0.o (__libc_init_array)
/home/tanjie/EmbeddedLibrary/arm-gnu-toolchain-12.2.rel1-x86_64-arm-none-eabi/bin/../lib/gcc/arm-none-eabi/12.2.1/../../../../arm-none-eabi/lib/thumb/v7-m/nofp/libc_nano.a(libc_a-findfp.o)
                              /home/tanjie/EmbeddedLibrary/arm-gnu-toolchain-12.2.rel1-x86_64-arm-none-eabi/bin/../lib/gcc/arm-none-eabi/12.2.1/../../../../arm-none-eabi/lib/thumb/v7-m/nofp/libc_nano.a(libc_a-exit.o) (__stdio_exit_handler)
/home/tanjie/EmbeddedLibrary/arm-gnu-toolchain-12.2.rel1-x86_64-arm-none-eabi/bin/../lib/gcc/arm-none-eabi/12.2.1/../../../../arm-none-eabi/lib/thumb/v7-m/nofp/libc_nano.a(libc_a-stdio.o)
                              /home/tanjie/EmbeddedLibrary/arm-gnu-toolchain-12.2.rel1-x86_64-arm-none-eabi/bin/../lib/gcc/arm-none-eabi/12.2.1/../../../../arm-none-eabi/lib/thumb/v7-m/nofp/libc_nano.a(libc_a-findfp.o) (__sread)
/home/tanjie/EmbeddedLibrary/arm-gnu-toolchain-12.2.rel1-x86_64-arm-none-eabi/bin/../lib/gcc/arm-none-eabi/12.2.1/../../../../arm-none-eabi/lib/thumb/v7-m/nofp/libc_nano.a(libc_a-writer.o)
                              /home/tanjie/EmbeddedLibrary/arm-gnu-toolchain-12.2.rel1-x86_64-arm-none-eabi/bin/../lib/gcc/arm-none-eabi/12.2.1/../../../../arm-none-eabi/lib/thumb/v7-m/nofp/libc_nano.a(libc_a-stdio.o) (_write_r)
/home/tanjie/EmbeddedLibrary/arm-gnu-toolchain-12.2.rel1-x86_64-arm-none-eabi/bin/../lib/gcc/arm-none-eabi/12.2.1/../../../../arm-none-eabi/lib/thumb/v7-m/nofp/libc_nano.a(libc_a-fwalk.o)
                              /home/tanjie/EmbeddedLibrary/arm-gnu-toolchain-12.2.rel1-x86_64-arm-none-eabi/bin/../lib/gcc/arm-none-eabi/12.2.1/../../../../arm-none-eabi/lib/thumb/v7-m/nofp/libc_nano.a(libc_a-findfp.o) (_fwalk_sglue)
/home/tanjie/EmbeddedLibrary/arm-gnu-toolchain-12.2.rel1-x86_64-arm-none-eabi/bin/../lib/gcc/arm-none-eabi/12.2.1/../../../../arm-none-eabi/lib/thumb/v7-m/nofp/libc_nano.a(libc_a-memset.o)
                              /home/tanjie/EmbeddedLibrary/arm-gnu-toolchain-12.2.rel1-x86_64-arm-none-eabi/bin/../lib/gcc/arm-none-eabi/12.2.1/../../../../arm-none-eabi/lib/thumb/v7-m/nofp/crt0.o (memset)
/home/tanjie/EmbeddedLibrary/arm-gnu-toolchain-12.2.rel1-x86_64-arm-none-eabi/bin/../lib/gcc/arm-none-eabi/12.2.1/../../../../arm-none-eabi/lib/thumb/v7-m/nofp/libc_nano.a(libc_a-lock.o)
                              /home/tanjie/EmbeddedLibrary/arm-gnu-toolchain-12.2.rel1-x86_64-arm-none-eabi/bin/../lib/gcc/arm-none-eabi/12.2.1/../../../../arm-none-eabi/lib/thumb/v7-m/nofp/libc_nano.a(libc_a-findfp.o) (__retarget_lock_init_recursive)
/home/tanjie/EmbeddedLibrary/arm-gnu-toolchain-12.2.rel1-x86_64-arm-none-eabi/bin/../lib/gcc/arm-none-eabi/12.2.1/../../../../arm-none-eabi/lib/thumb/v7-m/nofp/libc_nano.a(libc_a-closer.o)
                              /home/tanjie/EmbeddedLibrary/arm-gnu-toolchain-12.2.rel1-x86_64-arm-none-eabi/bin/../lib/gcc/arm-none-eabi/12.2.1/../../../../arm-none-eabi/lib/thumb/v7-m/nofp/libc_nano.a(libc_a-stdio.o) (_close_r)
/home/tanjie/EmbeddedLibrary/arm-gnu-toolchain-12.2.rel1-x86_64-arm-none-eabi/bin/../lib/gcc/arm-none-eabi/12.2.1/../../../../arm-none-eabi/lib/thumb/v7-m/nofp/libc_nano.a(libc_a-reent.o)
                              /home/tanjie/EmbeddedLibrary/arm-gnu-toolchain-12.2.rel1-x86_64-arm-none-eabi/bin/../lib/gcc/arm-none-eabi/12.2.1/../../../../arm-none-eabi/lib/thumb/v7-m/nofp/libc_nano.a(libc_a-writer.o) (errno)
/home/tanjie/EmbeddedLibrary/arm-gnu-toolchain-12.2.rel1-x86_64-arm-none-eabi/bin/../lib/gcc/arm-none-eabi/12.2.1/../../../../arm-none-eabi/lib/thumb/v7-m/nofp/libc_nano.a(libc_a-impure.o)
                              /home/tanjie/EmbeddedLibrary/arm-gnu-toolchain-12.2.rel1-x86_64-arm-none-eabi/bin/../lib/gcc/arm-none-eabi/12.2.1/../../../../arm-none-eabi/lib/thumb/v7-m/nofp/libc_nano.a(libc_a-reent.o) (_impure_ptr)
/home/tanjie/EmbeddedLibrary/arm-gnu-toolchain-12.2.rel1-x86_64-arm-none-eabi/bin/../lib/gcc/arm-none-eabi/12.2.1/../../../../arm-none-eabi/lib/thumb/v7-m/nofp/libc_nano.a(libc_a-fflush.o)
[...]
Memory Configuration

Name             Origin             Length             Attributes
RAM              0x0000000020000000 0x0000000000010000 xrw
FLASH            0x0000000008000000 0x0000000000080000 xr
*default*        0x0000000000000000 0xffffffffffffffff

Linker script and memory map

LOAD /home/tanjie/EmbeddedLibrary/arm-gnu-toolchain-12.2.rel1-x86_64-arm-none-eabi/bin/../lib/gcc/arm-none-eabi/12.2.1/thumb/v7-m/nofp/crti.o
LOAD /home/tanjie/EmbeddedLibrary/arm-gnu-toolchain-12.2.rel1-x86_64-arm-none-eabi/bin/../lib/gcc/arm-none-eabi/12.2.1/thumb/v7-m/nofp/crtbegin.o
LOAD /home/tanjie/EmbeddedLibrary/arm-gnu-toolchain-12.2.rel1-x86_64-arm-none-eabi/bin/../lib/gcc/arm-none-eabi/12.2.1/../../../../arm-none-eabi/lib/thumb/v7-m/nofp/crt0.o
LOAD build/main.o
LOAD build/gpio.o
LOAD build/stm32f1xx_it.o
LOAD build/stm32f1xx_hal_msp.o
LOAD build/usb_device.o
LOAD build/usbd_desc.o
LOAD build/usbd_conf.o
LOAD build/stm32f1xx_hal_gpio_ex.o
LOAD build/stm32f1xx_hal_pcd.o
LOAD build/stm32f1xx_hal_pcd_ex.o
LOAD build/stm32f1xx_ll_usb.o
LOAD build/stm32f1xx_hal.o
LOAD build/stm32f1xx_hal_rcc.o
LOAD build/stm32f1xx_hal_rcc_ex.o
LOAD build/stm32f1xx_hal_gpio.o
LOAD build/stm32f1xx_hal_dma.o
LOAD build/stm32f1xx_hal_cortex.o
LOAD build/stm32f1xx_hal_pwr.o
LOAD build/stm32f1xx_hal_flash.o
LOAD build/stm32f1xx_hal_flash_ex.o
LOAD build/stm32f1xx_hal_exti.o
LOAD build/stm32f1xx_hal_tim.o
LOAD build/stm32f1xx_hal_tim_ex.o
LOAD build/system_stm32f1xx.o
LOAD build/usbd_core.o
LOAD build/usbd_ctlreq.o
LOAD build/usbd_ioreq.o
LOAD build/usbd_hid.o
LOAD build/delay.o
LOAD build/startup_stm32f103xe.o
LOAD /home/tanjie/EmbeddedLibrary/arm-gnu-toolchain-12.2.rel1-x86_64-arm-none-eabi/bin/../lib/gcc/arm-none-eabi/12.2.1/../../../../arm-none-eabi/lib/thumb/v7-m/nofp/libc_nano.a
LOAD /home/tanjie/EmbeddedLibrary/arm-gnu-toolchain-12.2.rel1-x86_64-arm-none-eabi/bin/../lib/gcc/arm-none-eabi/12.2.1/../../../../arm-none-eabi/lib/thumb/v7-m/nofp/libm.a
LOAD /home/tanjie/EmbeddedLibrary/arm-gnu-toolchain-12.2.rel1-x86_64-arm-none-eabi/bin/../lib/gcc/arm-none-eabi/12.2.1/../../../../arm-none-eabi/lib/thumb/v7-m/nofp/libnosys.a
START GROUP
LOAD /home/tanjie/EmbeddedLibrary/arm-gnu-toolchain-12.2.rel1-x86_64-arm-none-eabi/bin/../lib/gcc/arm-none-eabi/12.2.1/thumb/v7-m/nofp/libgcc.a
LOAD /home/tanjie/EmbeddedLibrary/arm-gnu-toolchain-12.2.rel1-x86_64-arm-none-eabi/bin/../lib/gcc/arm-none-eabi/12.2.1/../../../../arm-none-eabi/lib/thumb/v7-m/nofp/libc_nano.a
END GROUP
START GROUP
LOAD /home/tanjie/EmbeddedLibrary/arm-gnu-toolchain-12.2.rel1-x86_64-arm-none-eabi/bin/../lib/gcc/arm-none-eabi/12.2.1/thumb/v7-m/nofp/libgcc.a
LOAD /home/tanjie/EmbeddedLibrary/arm-gnu-toolchain-12.2.rel1-x86_64-arm-none-eabi/bin/../lib/gcc/arm-none-eabi/12.2.1/../../../../arm-none-eabi/lib/thumb/v7-m/nofp/libc_nano.a
END GROUP
LOAD /home/tanjie/EmbeddedLibrary/arm-gnu-toolchain-12.2.rel1-x86_64-arm-none-eabi/bin/../lib/gcc/arm-none-eabi/12.2.1/thumb/v7-m/nofp/crtend.o
LOAD /home/tanjie/EmbeddedLibrary/arm-gnu-toolchain-12.2.rel1-x86_64-arm-none-eabi/bin/../lib/gcc/arm-none-eabi/12.2.1/thumb/v7-m/nofp/crtn.o
                0x0000000020010000                _estack = (ORIGIN (RAM) + LENGTH (RAM))
                0x0000000000000200                _Min_Heap_Size = 0x200
                0x0000000000000400                _Min_Stack_Size = 0x400

.isr_vector     0x0000000008000000      0x1e4
                0x0000000008000000                . = ALIGN (0x4)
 *(.isr_vector)
 .isr_vector    0x0000000008000000      0x1e4 build/startup_stm32f103xe.o
                0x0000000008000000                g_pfnVectors
                0x00000000080001e4                . = ALIGN (0x4)

.text           0x00000000080001e4     0x3d40
                0x00000000080001e4                . = ALIGN (0x4)
 *(.text)
 *(.text*)
 .text.deregister_tm_clones
                0x00000000080001e4       0x1c /home/tanjie/EmbeddedLibrary/arm-gnu-toolchain-12.2.rel1-x86_64-arm-none-eabi/bin/../lib/gcc/arm-none-eabi/12.2.1/thumb/v7-m/nofp/crtbegin.o
 .text.register_tm_clones
                0x0000000008000200       0x24 /home/tanjie/EmbeddedLibrary/arm-gnu-toolchain-12.2.rel1-x86_64-arm-none-eabi/bin/../lib/gcc/arm-none-eabi/12.2.1/thumb/v7-m/nofp/crtbegin.o
 .text.__do_global_dtors_aux
                0x0000000008000224       0x28 /home/tanjie/EmbeddedLibrary/arm-gnu-toolchain-12.2.rel1-x86_64-arm-none-eabi/bin/../lib/gcc/arm-none-eabi/12.2.1/thumb/v7-m/nofp/crtbegin.o
 .text.frame_dummy
                0x000000000800024c       0x24 /home/tanjie/EmbeddedLibrary/arm-gnu-toolchain-12.2.rel1-x86_64-arm-none-eabi/bin/../lib/gcc/arm-none-eabi/12.2.1/thumb/v7-m/nofp/crtbegin.o
 .text.Error_Handler
                0x0000000008000270        0x4 build/main.o
                0x0000000008000270                Error_Handler
 .text.SystemClock_Config
                0x0000000008000274       0x84 build/main.o
                0x0000000008000274                SystemClock_Config
 .text.main     0x00000000080002f8       0xe0 build/main.o
                0x00000000080002f8                main
 .text.MX_GPIO_Init
                0x00000000080003d8       0x78 build/gpio.o
                0x00000000080003d8                MX_GPIO_Init
 .text.NMI_Handler
                0x0000000008000450        0x2 build/stm32f1xx_it.o
                0x0000000008000450                NMI_Handler
 .text.HardFault_Handler
                0x0000000008000452        0x2 build/stm32f1xx_it.o
                0x0000000008000452                HardFault_Handler
 .text.MemManage_Handler
                0x0000000008000454        0x2 build/stm32f1xx_it.o
                0x0000000008000454                MemManage_Handler
 .text.BusFault_Handler
                0x0000000008000456        0x2 build/stm32f1xx_it.o
                0x0000000008000456                BusFault_Handler
 .text.UsageFault_Handler
                0x0000000008000458        0x2 build/stm32f1xx_it.o
                0x0000000008000458                UsageFault_Handler
 .text.SVC_Handler
                0x000000000800045a        0x2 build/stm32f1xx_it.o
                0x000000000800045a                SVC_Handler
 .text.DebugMon_Handler
                0x000000000800045c        0x2 build/stm32f1xx_it.o
                0x000000000800045c                DebugMon_Handler
 .text.PendSV_Handler
                0x000000000800045e        0x2 build/stm32f1xx_it.o
                0x000000000800045e                PendSV_Handler
 .text.SysTick_Handler
                0x0000000008000460        0x8 build/stm32f1xx_it.o
                0x0000000008000460                SysTick_Handler
 .text.USB_LP_CAN1_RX0_IRQHandler
                0x0000000008000468       0x10 build/stm32f1xx_it.o
                0x0000000008000468                USB_LP_CAN1_RX0_IRQHandler
 .text.HAL_MspInit
                0x0000000008000478       0x44 build/stm32f1xx_hal_msp.o
                0x0000000008000478                HAL_MspInit
 .text.MX_USB_DEVICE_Init
                0x00000000080004bc       0x40 build/usb_device.o
                0x00000000080004bc                MX_USB_DEVICE_Init
 .text.USBD_FS_DeviceDescriptor
                0x00000000080004fc        0xc build/usbd_desc.o
                0x00000000080004fc                USBD_FS_DeviceDescriptor
 .text.USBD_FS_LangIDStrDescriptor
                0x0000000008000508        0xc build/usbd_desc.o
                0x0000000008000508                USBD_FS_LangIDStrDescriptor
 .text.IntToUnicode
                0x0000000008000514       0x46 build/usbd_desc.o
 *fill*         0x000000000800055a        0x2 
 .text.Get_SerialNum
                0x000000000800055c       0x38 build/usbd_desc.o
 .text.USBD_FS_SerialStrDescriptor
                0x0000000008000594       0x14 build/usbd_desc.o
                0x0000000008000594                USBD_FS_SerialStrDescriptor
 .text.USBD_FS_ProductStrDescriptor
                0x00000000080005a8       0x24 build/usbd_desc.o
                0x00000000080005a8                USBD_FS_ProductStrDescriptor
 .text.USBD_FS_ManufacturerStrDescriptor
                0x00000000080005cc       0x1c build/usbd_desc.o
                0x00000000080005cc                USBD_FS_ManufacturerStrDescriptor
 .text.USBD_FS_ConfigStrDescriptor
                0x00000000080005e8       0x24 build/usbd_desc.o
                0x00000000080005e8                USBD_FS_ConfigStrDescriptor
 .text.USBD_FS_InterfaceStrDescriptor
                0x000000000800060c       0x24 build/usbd_desc.o
                0x000000000800060c                USBD_FS_InterfaceStrDescriptor
 .text.USBD_Get_USB_Status
                0x0000000008000630       0x14 build/usbd_conf.o
 .text.HAL_PCD_MspInit
                0x0000000008000644       0x40 build/usbd_conf.o
                0x0000000008000644                HAL_PCD_MspInit
 .text.HAL_PCD_SetupStageCallback
                0x0000000008000684       0x10 build/usbd_conf.o
                0x0000000008000684                HAL_PCD_SetupStageCallback
 .text.HAL_PCD_DataOutStageCallback
                0x0000000008000694       0x18 build/usbd_conf.o
                0x0000000008000694                HAL_PCD_DataOutStageCallback
 .text.HAL_PCD_DataInStageCallback
                0x00000000080006ac       0x16 build/usbd_conf.o
                0x00000000080006ac                HAL_PCD_DataInStageCallback
 .text.HAL_PCD_SOFCallback
                0x00000000080006c2        0xc build/usbd_conf.o
                0x00000000080006c2                HAL_PCD_SOFCallback
 .text.HAL_PCD_ResetCallback
                0x00000000080006ce       0x24 build/usbd_conf.o
                0x00000000080006ce                HAL_PCD_ResetCallback
 *fill*         0x00000000080006f2        0x2 
 .text.HAL_PCD_SuspendCallback
                0x00000000080006f4       0x20 build/usbd_conf.o
                0x00000000080006f4                HAL_PCD_SuspendCallback
 .text.HAL_PCD_ResumeCallback
                0x0000000008000714        0xc build/usbd_conf.o
                0x0000000008000714                HAL_PCD_ResumeCallback
 .text.USBD_LL_Init
                0x0000000008000720       0x68 build/usbd_conf.o
                0x0000000008000720                USBD_LL_Init
 .text.USBD_LL_Start
                0x0000000008000788       0x10 build/usbd_conf.o
                0x0000000008000788                USBD_LL_Start
 .text.USBD_LL_OpenEP
                0x0000000008000798       0x16 build/usbd_conf.o
                0x0000000008000798                USBD_LL_OpenEP
 .text.USBD_LL_CloseEP
                0x00000000080007ae       0x10 build/usbd_conf.o
                0x00000000080007ae                USBD_LL_CloseEP
 .text.USBD_LL_StallEP
                0x00000000080007be       0x10 build/usbd_conf.o
                0x00000000080007be                USBD_LL_StallEP
 .text.USBD_LL_ClearStallEP
                0x00000000080007ce       0x10 build/usbd_conf.o
                0x00000000080007ce                USBD_LL_ClearStallEP
 .text.USBD_LL_IsStallEP
                0x00000000080007de       0x2e build/usbd_conf.o
                0x00000000080007de                USBD_LL_IsStallEP
 .text.USBD_LL_SetUSBAddress
                0x000000000800080c       0x10 build/usbd_conf.o
                0x000000000800080c                USBD_LL_SetUSBAddress
 .text.USBD_LL_Transmit
                0x000000000800081c       0x10 build/usbd_conf.o
                0x000000000800081c                USBD_LL_Transmit
 .text.USBD_LL_PrepareReceive
                0x000000000800082c       0x10 build/usbd_conf.o
                0x000000000800082c                USBD_LL_PrepareReceive
 .text.USBD_static_malloc
                0x000000000800083c        0x8 build/usbd_conf.o
                0x000000000800083c                USBD_static_malloc
 .text.USBD_static_free
                0x0000000008000844        0x2 build/usbd_conf.o
                0x0000000008000844                USBD_static_free
 .text.HAL_PCDEx_SetConnectionState
                0x0000000008000846        0x2 build/usbd_conf.o
                0x0000000008000846                HAL_PCDEx_SetConnectionState
 .text.HAL_PCD_EP_DB_Receive
                0x0000000008000848      0x11c build/stm32f1xx_hal_pcd.o
 .text.HAL_PCD_Init
                0x0000000008000964      0x118 build/stm32f1xx_hal_pcd.o
                0x0000000008000964                HAL_PCD_Init
 .text.HAL_PCD_Start
                0x0000000008000a7c       0x32 build/stm32f1xx_hal_pcd.o
                0x0000000008000a7c                HAL_PCD_Start
 .text.HAL_PCD_EP_DB_Transmit
                0x0000000008000aae      0x420 build/stm32f1xx_hal_pcd.o
 .text.PCD_EP_ISR_Handler
                0x0000000008000ece      0x440 build/stm32f1xx_hal_pcd.o
 .text.HAL_PCD_SetAddress
                0x000000000800130e       0x28 build/stm32f1xx_hal_pcd.o
                0x000000000800130e                HAL_PCD_SetAddress
 .text.HAL_PCD_IRQHandler
                0x0000000008001336      0x1d4 build/stm32f1xx_hal_pcd.o
                0x0000000008001336                HAL_PCD_IRQHandler
 .text.HAL_PCD_EP_Open
                0x000000000800150a       0x84 build/stm32f1xx_hal_pcd.o
                0x000000000800150a                HAL_PCD_EP_Open
 .text.HAL_PCD_EP_Close
                0x000000000800158e       0x64 build/stm32f1xx_hal_pcd.o
                0x000000000800158e                HAL_PCD_EP_Close
 .text.HAL_PCD_EP_Receive
                0x00000000080015f2       0x44 build/stm32f1xx_hal_pcd.o
                0x00000000080015f2                HAL_PCD_EP_Receive
 .text.HAL_PCD_EP_Transmit
                0x0000000008001636       0x50 build/stm32f1xx_hal_pcd.o
                0x0000000008001636                HAL_PCD_EP_Transmit
 .text.HAL_PCD_EP_SetStall
                0x0000000008001686       0x78 build/stm32f1xx_hal_pcd.o
                0x0000000008001686                HAL_PCD_EP_SetStall
 .text.HAL_PCD_EP_ClrStall
                0x00000000080016fe       0x76 build/stm32f1xx_hal_pcd.o
                0x00000000080016fe                HAL_PCD_EP_ClrStall
 .text.HAL_PCDEx_PMAConfig
                0x0000000008001774       0x38 build/stm32f1xx_hal_pcd_ex.o
                0x0000000008001774                HAL_PCDEx_PMAConfig
 .text.USB_CoreInit
                0x00000000080017ac        0xe build/stm32f1xx_ll_usb.o
                0x00000000080017ac                USB_CoreInit
 .text.USB_EnableGlobalInt
                0x00000000080017ba       0x12 build/stm32f1xx_ll_usb.o
                0x00000000080017ba                USB_EnableGlobalInt
 .text.USB_DisableGlobalInt
                0x00000000080017cc       0x14 build/stm32f1xx_ll_usb.o
                0x00000000080017cc                USB_DisableGlobalInt
 .text.USB_SetCurrentMode
                0x00000000080017e0        0x4 build/stm32f1xx_ll_usb.o
                0x00000000080017e0                USB_SetCurrentMode
 .text.USB_DevInit
                0x00000000080017e4       0x22 build/stm32f1xx_ll_usb.o
                0x00000000080017e4                USB_DevInit
 .text.USB_ActivateEndpoint
                0x0000000008001806      0x378 build/stm32f1xx_ll_usb.o
                0x0000000008001806                USB_ActivateEndpoint
 .text.USB_DeactivateEndpoint
                0x0000000008001b7e      0x1d6 build/stm32f1xx_ll_usb.o
                0x0000000008001b7e                USB_DeactivateEndpoint
 .text.USB_EPSetStall
                0x0000000008001d54       0x4a build/stm32f1xx_ll_usb.o
                0x0000000008001d54                USB_EPSetStall
 .text.USB_EPClearStall
                0x0000000008001d9e       0xa2 build/stm32f1xx_ll_usb.o
                0x0000000008001d9e                USB_EPClearStall
 .text.USB_SetDevAddress
                0x0000000008001e40        0xc build/stm32f1xx_ll_usb.o
                0x0000000008001e40                USB_SetDevAddress
 .text.USB_DevConnect
                0x0000000008001e4c        0x4 build/stm32f1xx_ll_usb.o
                0x0000000008001e4c                USB_DevConnect
 .text.USB_DevDisconnect
                0x0000000008001e50        0x4 build/stm32f1xx_ll_usb.o
                0x0000000008001e50                USB_DevDisconnect
 .text.USB_ReadInterrupts
                0x0000000008001e54        0x8 build/stm32f1xx_ll_usb.o
                0x0000000008001e54                USB_ReadInterrupts
 .text.USB_EP0_OutStart
                0x0000000008001e5c        0x4 build/stm32f1xx_ll_usb.o
                0x0000000008001e5c                USB_EP0_OutStart
 .text.USB_WritePMA
                0x0000000008001e60       0x26 build/stm32f1xx_ll_usb.o
                0x0000000008001e60                USB_WritePMA
 .text.USB_EPStartXfer
                0x0000000008001e86      0x8b2 build/stm32f1xx_ll_usb.o
                0x0000000008001e86                USB_EPStartXfer
 .text.USB_ReadPMA
                0x0000000008002738       0x30 build/stm32f1xx_ll_usb.o
                0x0000000008002738                USB_ReadPMA
 .text.HAL_InitTick
                0x0000000008002768       0x4c build/stm32f1xx_hal.o
                0x0000000008002768                HAL_InitTick
 .text.HAL_Init
                0x00000000080027b4       0x24 build/stm32f1xx_hal.o
                0x00000000080027b4                HAL_Init
 .text.HAL_IncTick
                0x00000000080027d8       0x18 build/stm32f1xx_hal.o
                0x00000000080027d8                HAL_IncTick
 .text.HAL_GetTick
                0x00000000080027f0        0xc build/stm32f1xx_hal.o
                0x00000000080027f0                HAL_GetTick
 .text.RCC_Delay
                0x00000000080027fc       0x2c build/stm32f1xx_hal_rcc.o
 .text.HAL_RCC_OscConfig
                0x0000000008002828      0x410 build/stm32f1xx_hal_rcc.o
                0x0000000008002828                HAL_RCC_OscConfig
 .text.HAL_RCC_GetSysClockFreq
                0x0000000008002c38       0x70 build/stm32f1xx_hal_rcc.o
                0x0000000008002c38                HAL_RCC_GetSysClockFreq
 .text.HAL_RCC_ClockConfig
                0x0000000008002ca8      0x16c build/stm32f1xx_hal_rcc.o
                0x0000000008002ca8                HAL_RCC_ClockConfig
 .text.HAL_RCCEx_PeriphCLKConfig
                0x0000000008002e14      0x118 build/stm32f1xx_hal_rcc_ex.o
                0x0000000008002e14                HAL_RCCEx_PeriphCLKConfig
 .text.HAL_GPIO_Init
                0x0000000008002f2c      0x238 build/stm32f1xx_hal_gpio.o
                0x0000000008002f2c                HAL_GPIO_Init
 .text.HAL_GPIO_ReadPin
                0x0000000008003164        0xe build/stm32f1xx_hal_gpio.o
                0x0000000008003164                HAL_GPIO_ReadPin
 *fill*         0x0000000008003172        0x2 
 .text.__NVIC_SetPriority
                0x0000000008003174       0x28 build/stm32f1xx_hal_cortex.o
 .text.NVIC_EncodePriority
                0x000000000800319c       0x3e build/stm32f1xx_hal_cortex.o
 *fill*         0x00000000080031da        0x2 
 .text.HAL_NVIC_SetPriorityGrouping
                0x00000000080031dc       0x24 build/stm32f1xx_hal_cortex.o
                0x00000000080031dc                HAL_NVIC_SetPriorityGrouping
 .text.HAL_NVIC_SetPriority
                0x0000000008003200       0x20 build/stm32f1xx_hal_cortex.o
                0x0000000008003200                HAL_NVIC_SetPriority
 .text.HAL_NVIC_EnableIRQ
                0x0000000008003220       0x1c build/stm32f1xx_hal_cortex.o
                0x0000000008003220                HAL_NVIC_EnableIRQ
 .text.HAL_SYSTICK_Config
                0x000000000800323c       0x28 build/stm32f1xx_hal_cortex.o
                0x000000000800323c                HAL_SYSTICK_Config
 .text.HAL_SYSTICK_CLKSourceConfig
                0x0000000008003264       0x20 build/stm32f1xx_hal_cortex.o
                0x0000000008003264                HAL_SYSTICK_CLKSourceConfig
 .text.SystemInit
                0x0000000008003284        0x2 build/system_stm32f1xx.o
                0x0000000008003284                SystemInit
 .text.USBD_Init
                0x0000000008003286       0x2e build/usbd_core.o
                0x0000000008003286                USBD_Init
 .text.USBD_RegisterClass
                0x00000000080032b4        0xe build/usbd_core.o
                0x00000000080032b4                USBD_RegisterClass
 .text.USBD_Start
                0x00000000080032c2        0xa build/usbd_core.o
                0x00000000080032c2                USBD_Start
 .text.USBD_SetClassConfig
                0x00000000080032cc       0x18 build/usbd_core.o
                0x00000000080032cc                USBD_SetClassConfig
 .text.USBD_ClrClassConfig
                0x00000000080032e4        0xe build/usbd_core.o
                0x00000000080032e4                USBD_ClrClassConfig
 .text.USBD_LL_SetupStage
                0x00000000080032f2       0x5a build/usbd_core.o
                0x00000000080032f2                USBD_LL_SetupStage
 .text.USBD_LL_DataOutStage
                0x000000000800334c       0x8c build/usbd_core.o
                0x000000000800334c                USBD_LL_DataOutStage
 .text.USBD_LL_DataInStage
                0x00000000080033d8       0xd0 build/usbd_core.o
                0x00000000080033d8                USBD_LL_DataInStage
 .text.USBD_LL_Reset
                0x00000000080034a8       0x50 build/usbd_core.o
                0x00000000080034a8                USBD_LL_Reset
 .text.USBD_LL_SetSpeed
                0x00000000080034f8        0x6 build/usbd_core.o
                0x00000000080034f8                USBD_LL_SetSpeed
 .text.USBD_LL_Suspend
                0x00000000080034fe       0x12 build/usbd_core.o
                0x00000000080034fe                USBD_LL_Suspend
 .text.USBD_LL_Resume
                0x0000000008003510       0x16 build/usbd_core.o
                0x0000000008003510                USBD_LL_Resume
 .text.USBD_LL_SOF
                0x0000000008003526       0x1c build/usbd_core.o
                0x0000000008003526                USBD_LL_SOF
 .text.USBD_GetLen
                0x0000000008003542       0x14 build/usbd_ctlreq.o
 .text.USBD_SetFeature
                0x0000000008003556       0x14 build/usbd_ctlreq.o
 .text.USBD_ParseSetupRequest
                0x000000000800356a       0x28 build/usbd_ctlreq.o
                0x000000000800356a                USBD_ParseSetupRequest
 .text.USBD_CtlError
                0x0000000008003592       0x14 build/usbd_ctlreq.o
                0x0000000008003592                USBD_CtlError
 .text.USBD_GetDescriptor
                0x00000000080035a6      0x186 build/usbd_ctlreq.o
 .text.USBD_SetAddress
                0x000000000800372c       0x4e build/usbd_ctlreq.o
 *fill*         0x000000000800377a        0x2 
 .text.USBD_SetConfig
                0x000000000800377c       0xb0 build/usbd_ctlreq.o
 .text.USBD_GetConfig
                0x000000000800382c       0x3e build/usbd_ctlreq.o
 .text.USBD_GetStatus
                0x000000000800386a       0x38 build/usbd_ctlreq.o
 .text.USBD_ClrFeature
                0x00000000080038a2       0x26 build/usbd_ctlreq.o
 .text.USBD_StdDevReq
                0x00000000080038c8       0x68 build/usbd_ctlreq.o
                0x00000000080038c8                USBD_StdDevReq
 .text.USBD_StdItfReq
                0x0000000008003930       0x60 build/usbd_ctlreq.o
                0x0000000008003930                USBD_StdItfReq
 .text.USBD_StdEPReq
                0x0000000008003990      0x1e2 build/usbd_ctlreq.o
                0x0000000008003990                USBD_StdEPReq
 .text.USBD_GetString
                0x0000000008003b72       0x3a build/usbd_ctlreq.o
                0x0000000008003b72                USBD_GetString
 .text.USBD_CtlSendData
                0x0000000008003bac       0x1a build/usbd_ioreq.o
                0x0000000008003bac                USBD_CtlSendData
 .text.USBD_CtlContinueSendData
                0x0000000008003bc6       0x10 build/usbd_ioreq.o
                0x0000000008003bc6                USBD_CtlContinueSendData
 .text.USBD_CtlContinueRx
                0x0000000008003bd6       0x10 build/usbd_ioreq.o
                0x0000000008003bd6                USBD_CtlContinueRx
 .text.USBD_CtlSendStatus
                0x0000000008003be6       0x16 build/usbd_ioreq.o
                0x0000000008003be6                USBD_CtlSendStatus
 .text.USBD_CtlReceiveStatus
                0x0000000008003bfc       0x16 build/usbd_ioreq.o
                0x0000000008003bfc                USBD_CtlReceiveStatus
 *fill*         0x0000000008003c12        0x2 
 .text.USBD_HID_GetFSCfgDesc
                0x0000000008003c14        0xc build/usbd_hid.o
 .text.USBD_HID_GetHSCfgDesc
                0x0000000008003c20        0xc build/usbd_hid.o
 .text.USBD_HID_GetOtherSpeedCfgDesc
                0x0000000008003c2c        0xc build/usbd_hid.o
 .text.USBD_HID_DataIn
                0x0000000008003c38        0xa build/usbd_hid.o
 *fill*         0x0000000008003c42        0x2 
 .text.USBD_HID_GetDeviceQualifierDesc
                0x0000000008003c44        0xc build/usbd_hid.o
 .text.USBD_HID_Setup
                0x0000000008003c50      0x114 build/usbd_hid.o
 .text.USBD_HID_DeInit
                0x0000000008003d64       0x22 build/usbd_hid.o
 .text.USBD_HID_Init
                0x0000000008003d86       0x2a build/usbd_hid.o
 .text.USBD_HID_SendReport
                0x0000000008003db0       0x28 build/usbd_hid.o
                0x0000000008003db0                USBD_HID_SendReport
 .text.__delay_impl
                0x0000000008003dd8       0x42 build/delay.o
 *fill*         0x0000000008003e1a        0x2 
 .text.delay_init
                0x0000000008003e1c       0x38 build/delay.o
                0x0000000008003e1c                delay_init
 .text.delay_ms
                0x0000000008003e54       0x14 build/delay.o
                0x0000000008003e54                delay_ms
 .text.Reset_Handler
                0x0000000008003e68       0x48 build/startup_stm32f103xe.o
                0x0000000008003e68                Reset_Handler
 .text.Default_Handler
                0x0000000008003eb0        0x2 build/startup_stm32f103xe.o
                0x0000000008003eb0                RTC_Alarm_IRQHandler
                0x0000000008003eb0                EXTI2_IRQHandler
                0x0000000008003eb0                TIM8_TRG_COM_IRQHandler
                0x0000000008003eb0                TIM8_CC_IRQHandler
                0x0000000008003eb0                TIM1_CC_IRQHandler
                0x0000000008003eb0                TIM6_IRQHandler
                0x0000000008003eb0                PVD_IRQHandler
                0x0000000008003eb0                SDIO_IRQHandler
                0x0000000008003eb0                EXTI3_IRQHandler
                0x0000000008003eb0                EXTI0_IRQHandler
                0x0000000008003eb0                I2C2_EV_IRQHandler
                0x0000000008003eb0                ADC1_2_IRQHandler
                0x0000000008003eb0                SPI1_IRQHandler
                0x0000000008003eb0                TAMPER_IRQHandler
                0x0000000008003eb0                TIM8_UP_IRQHandler
                0x0000000008003eb0                DMA2_Channel2_IRQHandler
                0x0000000008003eb0                DMA1_Channel4_IRQHandler
                0x0000000008003eb0                USART3_IRQHandler
                0x0000000008003eb0                RTC_IRQHandler
                0x0000000008003eb0                DMA1_Channel7_IRQHandler
                0x0000000008003eb0                CAN1_RX1_IRQHandler
                0x0000000008003eb0                UART5_IRQHandler
                0x0000000008003eb0                ADC3_IRQHandler
                0x0000000008003eb0                TIM4_IRQHandler
                0x0000000008003eb0                DMA2_Channel1_IRQHandler
                0x0000000008003eb0                I2C1_EV_IRQHandler
                0x0000000008003eb0                DMA1_Channel6_IRQHandler
                0x0000000008003eb0                UART4_IRQHandler
                0x0000000008003eb0                TIM3_IRQHandler
                0x0000000008003eb0                RCC_IRQHandler
                0x0000000008003eb0                TIM1_TRG_COM_IRQHandler
                0x0000000008003eb0                DMA1_Channel1_IRQHandler
                0x0000000008003eb0                Default_Handler
                0x0000000008003eb0                EXTI15_10_IRQHandler
                0x0000000008003eb0                TIM7_IRQHandler
                0x0000000008003eb0                TIM5_IRQHandler
                0x0000000008003eb0                EXTI9_5_IRQHandler
                0x0000000008003eb0                SPI2_IRQHandler
                0x0000000008003eb0                DMA1_Channel5_IRQHandler
                0x0000000008003eb0                EXTI4_IRQHandler
                0x0000000008003eb0                USB_HP_CAN1_TX_IRQHandler
                0x0000000008003eb0                DMA1_Channel3_IRQHandler
                0x0000000008003eb0                FSMC_IRQHandler
                0x0000000008003eb0                TIM1_UP_IRQHandler
                0x0000000008003eb0                WWDG_IRQHandler
                0x0000000008003eb0                TIM2_IRQHandler
                0x0000000008003eb0                TIM1_BRK_IRQHandler
                0x0000000008003eb0                EXTI1_IRQHandler
                0x0000000008003eb0                DMA2_Channel4_5_IRQHandler
                0x0000000008003eb0                USART2_IRQHandler
                0x0000000008003eb0                I2C2_ER_IRQHandler
                0x0000000008003eb0                DMA1_Channel2_IRQHandler
                0x0000000008003eb0                TIM8_BRK_IRQHandler
                0x0000000008003eb0                CAN1_SCE_IRQHandler
                0x0000000008003eb0                FLASH_IRQHandler
                0x0000000008003eb0                USART1_IRQHandler
                0x0000000008003eb0                SPI3_IRQHandler
                0x0000000008003eb0                I2C1_ER_IRQHandler
                0x0000000008003eb0                USBWakeUp_IRQHandler
                0x0000000008003eb0                DMA2_Channel3_IRQHandler
 *fill*         0x0000000008003eb2        0x2 
 .text.__libc_init_array
                0x0000000008003eb4       0x48 /home/tanjie/EmbeddedLibrary/arm-gnu-toolchain-12.2.rel1-x86_64-arm-none-eabi/bin/../lib/gcc/arm-none-eabi/12.2.1/../../../../arm-none-eabi/lib/thumb/v7-m/nofp/libc_nano.a(libc_a-init.o)
                0x0000000008003eb4                __libc_init_array
 .text.memset   0x0000000008003efc       0x10 /home/tanjie/EmbeddedLibrary/arm-gnu-toolchain-12.2.rel1-x86_64-arm-none-eabi/bin/../lib/gcc/arm-none-eabi/12.2.1/../../../../arm-none-eabi/lib/thumb/v7-m/nofp/libc_nano.a(libc_a-memset.o)
                0x0000000008003efc                memset
 *(.glue_7)
 .glue_7        0x0000000008003f0c        0x0 linker stubs
 *(.glue_7t)
 .glue_7t       0x0000000008003f0c        0x0 linker stubs
 *(.eh_frame)
 .eh_frame      0x0000000008003f0c        0x0 /home/tanjie/EmbeddedLibrary/arm-gnu-toolchain-12.2.rel1-x86_64-arm-none-eabi/bin/../lib/gcc/arm-none-eabi/12.2.1/thumb/v7-m/nofp/crtbegin.o
 *(.init)
 .init          0x0000000008003f0c        0x4 /home/tanjie/EmbeddedLibrary/arm-gnu-toolchain-12.2.rel1-x86_64-arm-none-eabi/bin/../lib/gcc/arm-none-eabi/12.2.1/thumb/v7-m/nofp/crti.o
                0x0000000008003f0c                _init
 .init          0x0000000008003f10        0x8 /home/tanjie/EmbeddedLibrary/arm-gnu-toolchain-12.2.rel1-x86_64-arm-none-eabi/bin/../lib/gcc/arm-none-eabi/12.2.1/thumb/v7-m/nofp/crtn.o
 *(.fini)
 .fini          0x0000000008003f18        0x4 /home/tanjie/EmbeddedLibrary/arm-gnu-toolchain-12.2.rel1-x86_64-arm-none-eabi/bin/../lib/gcc/arm-none-eabi/12.2.1/thumb/v7-m/nofp/crti.o
                0x0000000008003f18                _fini
 .fini          0x0000000008003f1c        0x8 /home/tanjie/EmbeddedLibrary/arm-gnu-toolchain-12.2.rel1-x86_64-arm-none-eabi/bin/../lib/gcc/arm-none-eabi/12.2.1/thumb/v7-m/nofp/crtn.o
                0x0000000008003f24                . = ALIGN (0x4)
                0x0000000008003f24                _etext = .

.vfp11_veneer   0x0000000008003f24        0x0
 .vfp11_veneer  0x0000000008003f24        0x0 linker stubs

.v4_bx          0x0000000008003f24        0x0
 .v4_bx         0x0000000008003f24        0x0 linker stubs

.iplt           0x0000000008003f24        0x0
 .iplt          0x0000000008003f24        0x0 /home/tanjie/EmbeddedLibrary/arm-gnu-toolchain-12.2.rel1-x86_64-arm-none-eabi/bin/../lib/gcc/arm-none-eabi/12.2.1/thumb/v7-m/nofp/crtbegin.o

.rodata         0x0000000008003f24       0x84
                0x0000000008003f24                . = ALIGN (0x4)
 *(.rodata)
 .rodata        0x0000000008003f24       0x15 build/main.o
 *(.rodata*)
 *fill*         0x0000000008003f39        0x3 
 .rodata.USBD_FS_ProductStrDescriptor.str1.4
                0x0000000008003f3c       0x16 build/usbd_desc.o
 *fill*         0x0000000008003f52        0x2 
 .rodata.USBD_FS_ManufacturerStrDescriptor.str1.4
                0x0000000008003f54       0x13 build/usbd_desc.o
 *fill*         0x0000000008003f67        0x1 
 .rodata.USBD_FS_ConfigStrDescriptor.str1.4
                0x0000000008003f68        0xb build/usbd_desc.o
 *fill*         0x0000000008003f73        0x1 
 .rodata.USBD_FS_InterfaceStrDescriptor.str1.4
                0x0000000008003f74        0xe build/usbd_desc.o
 *fill*         0x0000000008003f82        0x2 
 .rodata.HAL_RCC_GetSysClockFreq.str1.4
                0x0000000008003f84       0x11 build/stm32f1xx_hal_rcc.o
 *fill*         0x0000000008003f95        0x3 
 .rodata.AHBPrescTable
                0x0000000008003f98       0x10 build/system_stm32f1xx.o
                0x0000000008003f98                AHBPrescTable
                0x0000000008003fa8                . = ALIGN (0x4)

.rel.dyn        0x0000000008003fa8        0x0
 .rel.iplt      0x0000000008003fa8        0x0 /home/tanjie/EmbeddedLibrary/arm-gnu-toolchain-12.2.rel1-x86_64-arm-none-eabi/bin/../lib/gcc/arm-none-eabi/12.2.1/thumb/v7-m/nofp/crtbegin.o

.ARM.extab
 *(.ARM.extab* .gnu.linkonce.armextab.*)

.ARM            0x0000000008003fa8        0x0
                0x0000000008003fa8                __exidx_start = .
 *(.ARM.exidx*)
                0x0000000008003fa8                __exidx_end = .

.preinit_array  0x0000000008003fa8        0x0
                0x0000000008003fa8                PROVIDE (__preinit_array_start = .)
 *(.preinit_array*)
                0x0000000008003fa8                PROVIDE (__preinit_array_end = .)

.init_array     0x0000000008003fa8        0x4
                0x0000000008003fa8                PROVIDE (__init_array_start = .)
 *(SORT_BY_NAME(.init_array.*))
 *(.init_array*)
 .init_array    0x0000000008003fa8        0x4 /home/tanjie/EmbeddedLibrary/arm-gnu-toolchain-12.2.rel1-x86_64-arm-none-eabi/bin/../lib/gcc/arm-none-eabi/12.2.1/thumb/v7-m/nofp/crtbegin.o
                0x0000000008003fac                PROVIDE (__init_array_end = .)

.fini_array     0x0000000008003fac        0x4
                [!provide]                        PROVIDE (__fini_array_start = .)
 *(SORT_BY_NAME(.fini_array.*))
 *(.fini_array*)
 .fini_array    0x0000000008003fac        0x4 /home/tanjie/EmbeddedLibrary/arm-gnu-toolchain-12.2.rel1-x86_64-arm-none-eabi/bin/../lib/gcc/arm-none-eabi/12.2.1/thumb/v7-m/nofp/crtbegin.o
                [!provide]                        PROVIDE (__fini_array_end = .)
                0x0000000008003fb0                _sidata = LOADADDR (.data)

.data           0x0000000020000000      0x190 load address 0x0000000008003fb0
                0x0000000020000000                . = ALIGN (0x4)
                0x0000000020000000                _sdata = .
 *(.data)
 *(.data*)
 .data.USBD_StringSerial
                0x0000000020000000       0x1a build/usbd_desc.o
                0x0000000020000000                USBD_StringSerial
 *fill*         0x000000002000001a        0x2 
 .data.USBD_LangIDDesc
                0x000000002000001c        0x4 build/usbd_desc.o
                0x000000002000001c                USBD_LangIDDesc
 .data.USBD_FS_DeviceDesc
                0x0000000020000020       0x12 build/usbd_desc.o
                0x0000000020000020                USBD_FS_DeviceDesc
 *fill*         0x0000000020000032        0x2 
 .data.FS_Desc  0x0000000020000034       0x1c build/usbd_desc.o
                0x0000000020000034                FS_Desc
 .data.uwTickFreq
                0x0000000020000050        0x1 build/stm32f1xx_hal.o
                0x0000000020000050                uwTickFreq
 *fill*         0x0000000020000051        0x3 
 .data.uwTickPrio
                0x0000000020000054        0x4 build/stm32f1xx_hal.o
                0x0000000020000054                uwTickPrio
 .data.SystemCoreClock
                0x0000000020000058        0x4 build/system_stm32f1xx.o
                0x0000000020000058                SystemCoreClock
 .data.HID_KEYBRD_MOUSE_ReportDesc
                0x000000002000005c       0x75 build/usbd_hid.o
 *fill*         0x00000000200000d1        0x3 
 .data.USBD_HID_DeviceQualifierDesc
                0x00000000200000d4        0xa build/usbd_hid.o
 *fill*         0x00000000200000de        0x2 
 .data.USBD_HID_Desc
                0x00000000200000e0        0x9 build/usbd_hid.o
 *fill*         0x00000000200000e9        0x3 
 .data.USBD_HID_OtherSpeedCfgDesc
                0x00000000200000ec       0x22 build/usbd_hid.o
 *fill*         0x000000002000010e        0x2 
 .data.USBD_HID_CfgHSDesc
                0x0000000020000110       0x22 build/usbd_hid.o
 *fill*         0x0000000020000132        0x2 
 .data.USBD_HID_CfgFSDesc
                0x0000000020000134       0x22 build/usbd_hid.o
 *fill*         0x0000000020000156        0x2 
 .data.USBD_HID
                0x0000000020000158       0x38 build/usbd_hid.o
                0x0000000020000158                USBD_HID
                0x0000000020000190                . = ALIGN (0x4)
                0x0000000020000190                _edata = .

.tm_clone_table
                0x0000000020000190        0x0 load address 0x0000000008004140
 .tm_clone_table
                0x0000000020000190        0x0 /home/tanjie/EmbeddedLibrary/arm-gnu-toolchain-12.2.rel1-x86_64-arm-none-eabi/bin/../lib/gcc/arm-none-eabi/12.2.1/thumb/v7-m/nofp/crtbegin.o
 .tm_clone_table
                0x0000000020000190        0x0 /home/tanjie/EmbeddedLibrary/arm-gnu-toolchain-12.2.rel1-x86_64-arm-none-eabi/bin/../lib/gcc/arm-none-eabi/12.2.1/thumb/v7-m/nofp/crtend.o

.igot.plt       0x0000000020000190        0x0 load address 0x0000000008004140
 .igot.plt      0x0000000020000190        0x0 /home/tanjie/EmbeddedLibrary/arm-gnu-toolchain-12.2.rel1-x86_64-arm-none-eabi/bin/../lib/gcc/arm-none-eabi/12.2.1/thumb/v7-m/nofp/crtbegin.o
                0x0000000020000190                . = ALIGN (0x4)

.bss            0x0000000020000190      0x7f0 load address 0x0000000008004140
                0x0000000020000190                _sbss = .
                0x0000000020000190                __bss_start__ = _sbss
 *(.bss)
 *(.bss*)
 .bss.completed.1
                0x0000000020000190        0x1 /home/tanjie/EmbeddedLibrary/arm-gnu-toolchain-12.2.rel1-x86_64-arm-none-eabi/bin/../lib/gcc/arm-none-eabi/12.2.1/thumb/v7-m/nofp/crtbegin.o
 *fill*         0x0000000020000191        0x3 
 .bss.object.0  0x0000000020000194       0x18 /home/tanjie/EmbeddedLibrary/arm-gnu-toolchain-12.2.rel1-x86_64-arm-none-eabi/bin/../lib/gcc/arm-none-eabi/12.2.1/thumb/v7-m/nofp/crtbegin.o
 .bss.hUsbDeviceFS
                0x00000000200001ac      0x2c4 build/usb_device.o
                0x00000000200001ac                hUsbDeviceFS
 .bss.USBD_StrDesc
                0x0000000020000470      0x200 build/usbd_desc.o
                0x0000000020000470                USBD_StrDesc
 .bss.mem.0     0x0000000020000670       0x14 build/usbd_conf.o
 .bss.hpcd_USB_FS
                0x0000000020000684      0x2ec build/usbd_conf.o
                0x0000000020000684                hpcd_USB_FS
 .bss.uwTick    0x0000000020000970        0x4 build/stm32f1xx_hal.o
                0x0000000020000970                uwTick
 .bss.cfgidx.0  0x0000000020000974        0x1 build/usbd_ctlreq.o
 *fill*         0x0000000020000975        0x3 
 .bss.fac_ms    0x0000000020000978        0x4 build/delay.o
 .bss.fac_us    0x000000002000097c        0x4 build/delay.o
 *(COMMON)
                0x0000000020000980                . = ALIGN (0x4)
                0x0000000020000980                _ebss = .
                0x0000000020000980                __bss_end__ = _ebss

._user_heap_stack
                0x0000000020000980      0x600 load address 0x0000000008004140
                0x0000000020000980                . = ALIGN (0x8)
                0x0000000020000980                PROVIDE (end = .)
                [!provide]                        PROVIDE (_end = .)
                0x0000000020000b80                . = (. + _Min_Heap_Size)
 *fill*         0x0000000020000980      0x200 
                0x0000000020000f80                . = (. + _Min_Stack_Size)
 *fill*         0x0000000020000b80      0x400 
                0x0000000020000f80                . = ALIGN (0x8)

/DISCARD/
 libc.a(*)
 libm.a(*)
 libgcc.a(*)

.ARM.attributes
                0x0000000000000000       0x29
 *(.ARM.attributes)
 .ARM.attributes
                0x0000000000000000       0x1d /home/tanjie/EmbeddedLibrary/arm-gnu-toolchain-12.2.rel1-x86_64-arm-none-eabi/bin/../lib/gcc/arm-none-eabi/12.2.1/thumb/v7-m/nofp/crti.o
 .ARM.attributes
                0x000000000000001d       0x2d /home/tanjie/EmbeddedLibrary/arm-gnu-toolchain-12.2.rel1-x86_64-arm-none-eabi/bin/../lib/gcc/arm-none-eabi/12.2.1/thumb/v7-m/nofp/crtbegin.o
 .ARM.attributes
                0x000000000000004a       0x2d build/main.o
 .ARM.attributes
                0x0000000000000077       0x2d build/gpio.o
 .ARM.attributes
                0x00000000000000a4       0x2d build/stm32f1xx_it.o
 .ARM.attributes
                0x00000000000000d1       0x2d build/stm32f1xx_hal_msp.o
 .ARM.attributes
                0x00000000000000fe       0x2d build/usb_device.o
 .ARM.attributes
                0x000000000000012b       0x2d build/usbd_desc.o
 .ARM.attributes
                0x0000000000000158       0x2d build/usbd_conf.o
 .ARM.attributes
                0x0000000000000185       0x2d build/stm32f1xx_hal_pcd.o
 .ARM.attributes
                0x00000000000001b2       0x2d build/stm32f1xx_hal_pcd_ex.o
 .ARM.attributes
                0x00000000000001df       0x2d build/stm32f1xx_ll_usb.o
 .ARM.attributes
                0x000000000000020c       0x2d build/stm32f1xx_hal.o
 .ARM.attributes
                0x0000000000000239       0x2d build/stm32f1xx_hal_rcc.o
 .ARM.attributes
                0x0000000000000266       0x2d build/stm32f1xx_hal_rcc_ex.o
 .ARM.attributes
                0x0000000000000293       0x2d build/stm32f1xx_hal_gpio.o
 .ARM.attributes
                0x00000000000002c0       0x2d build/stm32f1xx_hal_cortex.o
 .ARM.attributes
                0x00000000000002ed       0x2d build/system_stm32f1xx.o
 .ARM.attributes
                0x000000000000031a       0x2d build/usbd_core.o
 .ARM.attributes
                0x0000000000000347       0x2d build/usbd_ctlreq.o
 .ARM.attributes
                0x0000000000000374       0x2d build/usbd_ioreq.o
 .ARM.attributes
                0x00000000000003a1       0x2d build/usbd_hid.o
 .ARM.attributes
                0x00000000000003ce       0x2d build/delay.o
 .ARM.attributes
                0x00000000000003fb       0x21 build/startup_stm32f103xe.o
 .ARM.attributes
                0x000000000000041c       0x2d /home/tanjie/EmbeddedLibrary/arm-gnu-toolchain-12.2.rel1-x86_64-arm-none-eabi/bin/../lib/gcc/arm-none-eabi/12.2.1/../../../../arm-none-eabi/lib/thumb/v7-m/nofp/libc_nano.a(libc_a-init.o)
 .ARM.attributes
                0x0000000000000449       0x2d /home/tanjie/EmbeddedLibrary/arm-gnu-toolchain-12.2.rel1-x86_64-arm-none-eabi/bin/../lib/gcc/arm-none-eabi/12.2.1/../../../../arm-none-eabi/lib/thumb/v7-m/nofp/libc_nano.a(libc_a-memset.o)
 .ARM.attributes
                0x0000000000000476       0x2d /home/tanjie/EmbeddedLibrary/arm-gnu-toolchain-12.2.rel1-x86_64-arm-none-eabi/bin/../lib/gcc/arm-none-eabi/12.2.1/thumb/v7-m/nofp/crtend.o
 .ARM.attributes
                0x00000000000004a3       0x1d /home/tanjie/EmbeddedLibrary/arm-gnu-toolchain-12.2.rel1-x86_64-arm-none-eabi/bin/../lib/gcc/arm-none-eabi/12.2.1/thumb/v7-m/nofp/crtn.o
OUTPUT(build/STM32_HAL.elf elf32-littlearm)
LOAD linker stubs
LOAD /home/tanjie/EmbeddedLibrary/arm-gnu-toolchain-12.2.rel1-x86_64-arm-none-eabi/bin/../lib/gcc/arm-none-eabi/12.2.1/../../../../arm-none-eabi/lib/thumb/v7-m/nofp/libc.a
LOAD /home/tanjie/EmbeddedLibrary/arm-gnu-toolchain-12.2.rel1-x86_64-arm-none-eabi/bin/../lib/gcc/arm-none-eabi/12.2.1/../../../../arm-none-eabi/lib/thumb/v7-m/nofp/libm.a
LOAD /home/tanjie/EmbeddedLibrary/arm-gnu-toolchain-12.2.rel1-x86_64-arm-none-eabi/bin/../lib/gcc/arm-none-eabi/12.2.1/thumb/v7-m/nofp/libgcc.a

.debug_info     0x0000000000000000     0xf0d9
 .debug_info    0x0000000000000000      0xc4d build/main.o
 .debug_info    0x0000000000000c4d      0x317 build/gpio.o
 .debug_info    0x0000000000000f64      0x72b build/stm32f1xx_it.o
 .debug_info    0x000000000000168f      0x238 build/stm32f1xx_hal_msp.o
 .debug_info    0x00000000000018c7      0x685 build/usb_device.o
 .debug_info    0x0000000000001f4c      0x63c build/usbd_desc.o
 .debug_info    0x0000000000002588     0x1f55 build/usbd_conf.o
 .debug_info    0x00000000000044dd     0x1de1 build/stm32f1xx_hal_pcd.o
 .debug_info    0x00000000000062be      0x7c7 build/stm32f1xx_hal_pcd_ex.o
 .debug_info    0x0000000000006a85     0x1d8b build/stm32f1xx_ll_usb.o
 .debug_info    0x0000000000008810      0x8e6 build/stm32f1xx_hal.o
 .debug_info    0x00000000000090f6      0xb07 build/stm32f1xx_hal_rcc.o
 .debug_info    0x0000000000009bfd      0x4af build/stm32f1xx_hal_rcc_ex.o
 .debug_info    0x000000000000a0ac      0x6d7 build/stm32f1xx_hal_gpio.o
 .debug_info    0x000000000000a783      0xe79 build/stm32f1xx_hal_cortex.o
 .debug_info    0x000000000000b5fc      0x26e build/system_stm32f1xx.o
 .debug_info    0x000000000000b86a      0xf47 build/usbd_core.o
 .debug_info    0x000000000000c7b1     0x11b1 build/usbd_ctlreq.o
 .debug_info    0x000000000000d962      0x8c3 build/usbd_ioreq.o
 .debug_info    0x000000000000e225      0xbde build/usbd_hid.o
 .debug_info    0x000000000000ee03      0x2a6 build/delay.o
 .debug_info    0x000000000000f0a9       0x30 build/startup_stm32f103xe.o

.debug_abbrev   0x0000000000000000     0x2d70
 .debug_abbrev  0x0000000000000000      0x286 build/main.o
 .debug_abbrev  0x0000000000000286      0x132 build/gpio.o
 .debug_abbrev  0x00000000000003b8      0x183 build/stm32f1xx_it.o
 .debug_abbrev  0x000000000000053b       0xe7 build/stm32f1xx_hal_msp.o
 .debug_abbrev  0x0000000000000622      0x18c build/usb_device.o
 .debug_abbrev  0x00000000000007ae      0x23c build/usbd_desc.o
 .debug_abbrev  0x00000000000009ea      0x33e build/usbd_conf.o
 .debug_abbrev  0x0000000000000d28      0x326 build/stm32f1xx_hal_pcd.o
 .debug_abbrev  0x000000000000104e      0x184 build/stm32f1xx_hal_pcd_ex.o
 .debug_abbrev  0x00000000000011d2      0x25b build/stm32f1xx_ll_usb.o
 .debug_abbrev  0x000000000000142d      0x232 build/stm32f1xx_hal.o
 .debug_abbrev  0x000000000000165f      0x2b8 build/stm32f1xx_hal_rcc.o
 .debug_abbrev  0x0000000000001917      0x1d4 build/stm32f1xx_hal_rcc_ex.o
 .debug_abbrev  0x0000000000001aeb      0x222 build/stm32f1xx_hal_gpio.o
 .debug_abbrev  0x0000000000001d0d      0x3aa build/stm32f1xx_hal_cortex.o
 .debug_abbrev  0x00000000000020b7      0x140 build/system_stm32f1xx.o
 .debug_abbrev  0x00000000000021f7      0x2ae build/usbd_core.o
 .debug_abbrev  0x00000000000024a5      0x2ec build/usbd_ctlreq.o
 .debug_abbrev  0x0000000000002791      0x18e build/usbd_ioreq.o
 .debug_abbrev  0x000000000000291f      0x2a3 build/usbd_hid.o
 .debug_abbrev  0x0000000000002bc2      0x191 build/delay.o
 .debug_abbrev  0x0000000000002d53       0x1d build/startup_stm32f103xe.o

.debug_loc      0x0000000000000000     0x9537
 .debug_loc     0x0000000000000000      0x125 build/main.o
 .debug_loc     0x0000000000000125       0x38 build/gpio.o
 .debug_loc     0x000000000000015d       0x40 build/stm32f1xx_it.o
 .debug_loc     0x000000000000019d       0x41 build/stm32f1xx_hal_msp.o
 .debug_loc     0x00000000000001de       0x20 build/usb_device.o
 .debug_loc     0x00000000000001fe      0x47b build/usbd_desc.o
 .debug_loc     0x0000000000000679      0xefc build/usbd_conf.o
 .debug_loc     0x0000000000001575     0x17ab build/stm32f1xx_hal_pcd.o
 .debug_loc     0x0000000000002d20      0x12a build/stm32f1xx_hal_pcd_ex.o
 .debug_loc     0x0000000000002e4a     0x1cf2 build/stm32f1xx_ll_usb.o
 .debug_loc     0x0000000000004b3c      0x1e1 build/stm32f1xx_hal.o
 .debug_loc     0x0000000000004d1d      0x7ee build/stm32f1xx_hal_rcc.o
 .debug_loc     0x000000000000550b      0x4a6 build/stm32f1xx_hal_rcc_ex.o
 .debug_loc     0x00000000000059b1      0x53c build/stm32f1xx_hal_gpio.o
 .debug_loc     0x0000000000005eed      0x782 build/stm32f1xx_hal_cortex.o
 .debug_loc     0x000000000000666f       0xff build/system_stm32f1xx.o
 .debug_loc     0x000000000000676e      0xaf6 build/usbd_core.o
 .debug_loc     0x0000000000007264     0x1631 build/usbd_ctlreq.o
 .debug_loc     0x0000000000008895      0x364 build/usbd_ioreq.o
 .debug_loc     0x0000000000008bf9      0x7af build/usbd_hid.o
 .debug_loc     0x00000000000093a8      0x18f build/delay.o

.debug_aranges  0x0000000000000000      0xa10
 .debug_aranges
                0x0000000000000000       0x30 build/main.o
 .debug_aranges
                0x0000000000000030       0x20 build/gpio.o
 .debug_aranges
                0x0000000000000050       0x68 build/stm32f1xx_it.o
 .debug_aranges
                0x00000000000000b8       0x20 build/stm32f1xx_hal_msp.o
 .debug_aranges
                0x00000000000000d8       0x20 build/usb_device.o
 .debug_aranges
                0x00000000000000f8       0x60 build/usbd_desc.o
 .debug_aranges
                0x0000000000000158      0x118 build/usbd_conf.o
 .debug_aranges
                0x0000000000000270      0x138 build/stm32f1xx_hal_pcd.o
 .debug_aranges
                0x00000000000003a8       0x38 build/stm32f1xx_hal_pcd_ex.o
 .debug_aranges
                0x00000000000003e0       0xf0 build/stm32f1xx_ll_usb.o
 .debug_aranges
                0x00000000000004d0       0xe0 build/stm32f1xx_hal.o
 .debug_aranges
                0x00000000000005b0       0x90 build/stm32f1xx_hal_rcc.o
 .debug_aranges
                0x0000000000000640       0x30 build/stm32f1xx_hal_rcc_ex.o
 .debug_aranges
                0x0000000000000670       0x58 build/stm32f1xx_hal_gpio.o
 .debug_aranges
                0x00000000000006c8       0xc0 build/stm32f1xx_hal_cortex.o
 .debug_aranges
                0x0000000000000788       0x28 build/system_stm32f1xx.o
 .debug_aranges
                0x00000000000007b0       0xb8 build/usbd_core.o
 .debug_aranges
                0x0000000000000868       0x88 build/usbd_ctlreq.o
 .debug_aranges
                0x00000000000008f0       0x50 build/usbd_ioreq.o
 .debug_aranges
                0x0000000000000940       0x68 build/usbd_hid.o
 .debug_aranges
                0x00000000000009a8       0x40 build/delay.o
 .debug_aranges
                0x00000000000009e8       0x28 build/startup_stm32f103xe.o

.debug_ranges   0x0000000000000000      0xc90
 .debug_ranges  0x0000000000000000       0x20 build/main.o
 .debug_ranges  0x0000000000000020       0x10 build/gpio.o
 .debug_ranges  0x0000000000000030       0x58 build/stm32f1xx_it.o
 .debug_ranges  0x0000000000000088       0x10 build/stm32f1xx_hal_msp.o
 .debug_ranges  0x0000000000000098       0x10 build/usb_device.o
 .debug_ranges  0x00000000000000a8       0x50 build/usbd_desc.o
 .debug_ranges  0x00000000000000f8      0x108 build/usbd_conf.o
 .debug_ranges  0x0000000000000200      0x208 build/stm32f1xx_hal_pcd.o
 .debug_ranges  0x0000000000000408       0x28 build/stm32f1xx_hal_pcd_ex.o
 .debug_ranges  0x0000000000000430      0x3a0 build/stm32f1xx_ll_usb.o
 .debug_ranges  0x00000000000007d0       0xd0 build/stm32f1xx_hal.o
 .debug_ranges  0x00000000000008a0       0xa0 build/stm32f1xx_hal_rcc.o
 .debug_ranges  0x0000000000000940       0x38 build/stm32f1xx_hal_rcc_ex.o
 .debug_ranges  0x0000000000000978       0x48 build/stm32f1xx_hal_gpio.o
 .debug_ranges  0x00000000000009c0       0xb0 build/stm32f1xx_hal_cortex.o
 .debug_ranges  0x0000000000000a70       0x18 build/system_stm32f1xx.o
 .debug_ranges  0x0000000000000a88       0xa8 build/usbd_core.o
 .debug_ranges  0x0000000000000b30       0x78 build/usbd_ctlreq.o
 .debug_ranges  0x0000000000000ba8       0x40 build/usbd_ioreq.o
 .debug_ranges  0x0000000000000be8       0x58 build/usbd_hid.o
 .debug_ranges  0x0000000000000c40       0x30 build/delay.o
 .debug_ranges  0x0000000000000c70       0x20 build/startup_stm32f103xe.o

.debug_line     0x0000000000000000     0x928f
 .debug_line    0x0000000000000000      0x4b0 build/main.o
 .debug_line    0x00000000000004b0      0x1f5 build/gpio.o
 .debug_line    0x00000000000006a5      0x304 build/stm32f1xx_it.o
 .debug_line    0x00000000000009a9      0x196 build/stm32f1xx_hal_msp.o
 .debug_line    0x0000000000000b3f      0x234 build/usb_device.o
 .debug_line    0x0000000000000d73      0x382 build/usbd_desc.o
 .debug_line    0x00000000000010f5      0x7d2 build/usbd_conf.o
 .debug_line    0x00000000000018c7     0x18d3 build/stm32f1xx_hal_pcd.o
 .debug_line    0x000000000000319a      0x2ad build/stm32f1xx_hal_pcd_ex.o
 .debug_line    0x0000000000003447     0x1ab4 build/stm32f1xx_ll_usb.o
 .debug_line    0x0000000000004efb      0x548 build/stm32f1xx_hal.o
 .debug_line    0x0000000000005443      0xc3e build/stm32f1xx_hal_rcc.o
 .debug_line    0x0000000000006081      0x4e6 build/stm32f1xx_hal_rcc_ex.o
 .debug_line    0x0000000000006567      0x5d9 build/stm32f1xx_hal_gpio.o
 .debug_line    0x0000000000006b40      0x6eb build/stm32f1xx_hal_cortex.o
 .debug_line    0x000000000000722b      0x260 build/system_stm32f1xx.o
 .debug_line    0x000000000000748b      0x747 build/usbd_core.o
 .debug_line    0x0000000000007bd2      0xb2f build/usbd_ctlreq.o
 .debug_line    0x0000000000008701      0x2be build/usbd_ioreq.o
 .debug_line    0x00000000000089bf      0x561 build/usbd_hid.o
 .debug_line    0x0000000000008f20      0x2fa build/delay.o
 .debug_line    0x000000000000921a       0x75 build/startup_stm32f103xe.o

.debug_str      0x0000000000000000     0x2d2d
 .debug_str     0x0000000000000000      0x837 build/main.o
                                        0x8e5 (size before relaxing)
 .debug_str     0x0000000000000837       0x8a build/gpio.o
                                        0x21f (size before relaxing)
 .debug_str     0x00000000000008c1      0x40d build/stm32f1xx_it.o
                                        0x5b1 (size before relaxing)
 .debug_str     0x0000000000000cce       0x4d build/stm32f1xx_hal_msp.o
                                        0x1ef (size before relaxing)
 .debug_str     0x0000000000000d1b       0x84 build/usb_device.o
                                        0x5b5 (size before relaxing)
 .debug_str     0x0000000000000d9f      0x181 build/usbd_desc.o
                                        0x421 (size before relaxing)
 .debug_str     0x0000000000000f20      0x94f build/usbd_conf.o
                                       0x125a (size before relaxing)
 .debug_str     0x000000000000186f      0x328 build/stm32f1xx_hal_pcd.o
                                        0xaae (size before relaxing)
 .debug_str     0x0000000000001b97      0x159 build/stm32f1xx_hal_pcd_ex.o
                                        0x698 (size before relaxing)
 .debug_str     0x0000000000001cf0      0x12b build/stm32f1xx_ll_usb.o
                                        0x6cb (size before relaxing)
 .debug_str     0x0000000000001e1b      0x2fa build/stm32f1xx_hal.o
                                        0x8e2 (size before relaxing)
 .debug_str     0x0000000000002115      0x1fe build/stm32f1xx_hal_rcc.o
                                        0x5fb (size before relaxing)
 .debug_str     0x0000000000002313       0x9c build/stm32f1xx_hal_rcc_ex.o
                                        0x3e1 (size before relaxing)
 .debug_str     0x00000000000023af       0xf8 build/stm32f1xx_hal_gpio.o
                                        0x3d0 (size before relaxing)
 .debug_str     0x00000000000024a7      0x315 build/stm32f1xx_hal_cortex.o
                                        0x987 (size before relaxing)
 .debug_str     0x00000000000027bc       0x4f build/system_stm32f1xx.o
                                        0x224 (size before relaxing)
 .debug_str     0x000000000000280b      0x13e build/usbd_core.o
                                        0x801 (size before relaxing)
 .debug_str     0x0000000000002949       0xe2 build/usbd_ctlreq.o
                                        0x71b (size before relaxing)
 .debug_str     0x0000000000002a2b       0x60 build/usbd_ioreq.o
                                        0x648 (size before relaxing)
 .debug_str     0x0000000000002a8b      0x21c build/usbd_hid.o
                                        0x802 (size before relaxing)
 .debug_str     0x0000000000002ca7       0x54 build/delay.o
                                        0x208 (size before relaxing)
 .debug_str     0x0000000000002cfb       0x32 build/startup_stm32f103xe.o
                                         0x5b (size before relaxing)

.comment        0x0000000000000000       0x45
 .comment       0x0000000000000000       0x45 build/main.o
                                         0x46 (size before relaxing)
 .comment       0x0000000000000045       0x46 build/gpio.o
 .comment       0x0000000000000045       0x46 build/stm32f1xx_it.o
 .comment       0x0000000000000045       0x46 build/stm32f1xx_hal_msp.o
 .comment       0x0000000000000045       0x46 build/usb_device.o
 .comment       0x0000000000000045       0x46 build/usbd_desc.o
 .comment       0x0000000000000045       0x46 build/usbd_conf.o
 .comment       0x0000000000000045       0x46 build/stm32f1xx_hal_pcd.o
 .comment       0x0000000000000045       0x46 build/stm32f1xx_hal_pcd_ex.o
 .comment       0x0000000000000045       0x46 build/stm32f1xx_ll_usb.o
 .comment       0x0000000000000045       0x46 build/stm32f1xx_hal.o
 .comment       0x0000000000000045       0x46 build/stm32f1xx_hal_rcc.o
 .comment       0x0000000000000045       0x46 build/stm32f1xx_hal_rcc_ex.o
 .comment       0x0000000000000045       0x46 build/stm32f1xx_hal_gpio.o
 .comment       0x0000000000000045       0x46 build/stm32f1xx_hal_cortex.o
 .comment       0x0000000000000045       0x46 build/system_stm32f1xx.o
 .comment       0x0000000000000045       0x46 build/usbd_core.o
 .comment       0x0000000000000045       0x46 build/usbd_ctlreq.o
 .comment       0x0000000000000045       0x46 build/usbd_ioreq.o
 .comment       0x0000000000000045       0x46 build/usbd_hid.o
 .comment       0x0000000000000045       0x46 build/delay.o

.debug_frame    0x0000000000000000     0x170c
 .debug_frame   0x0000000000000000       0x60 build/main.o
 .debug_frame   0x0000000000000060       0x30 build/gpio.o
 .debug_frame   0x0000000000000090       0xc0 build/stm32f1xx_it.o
 .debug_frame   0x0000000000000150       0x28 build/stm32f1xx_hal_msp.o
 .debug_frame   0x0000000000000178       0x28 build/usb_device.o
 .debug_frame   0x00000000000001a0       0xe0 build/usbd_desc.o
 .debug_frame   0x0000000000000280      0x2ec build/usbd_conf.o
 .debug_frame   0x000000000000056c      0x344 build/stm32f1xx_hal_pcd.o
 .debug_frame   0x00000000000008b0       0x50 build/stm32f1xx_hal_pcd_ex.o
 .debug_frame   0x0000000000000900      0x1f0 build/stm32f1xx_ll_usb.o
 .debug_frame   0x0000000000000af0      0x1cc build/stm32f1xx_hal.o
 .debug_frame   0x0000000000000cbc      0x190 build/stm32f1xx_hal_rcc.o
 .debug_frame   0x0000000000000e4c       0x64 build/stm32f1xx_hal_rcc_ex.o
 .debug_frame   0x0000000000000eb0       0xe4 build/stm32f1xx_hal_gpio.o
 .debug_frame   0x0000000000000f94      0x19c build/stm32f1xx_hal_cortex.o
 .debug_frame   0x0000000000001130       0x30 build/system_stm32f1xx.o
 .debug_frame   0x0000000000001160      0x1c4 build/usbd_core.o
 .debug_frame   0x0000000000001324      0x178 build/usbd_ctlreq.o
 .debug_frame   0x000000000000149c       0xb8 build/usbd_ioreq.o
 .debug_frame   0x0000000000001554       0xdc build/usbd_hid.o
 .debug_frame   0x0000000000001630       0x90 build/delay.o
 .debug_frame   0x00000000000016c0       0x2c /home/tanjie/EmbeddedLibrary/arm-gnu-toolchain-12.2.rel1-x86_64-arm-none-eabi/bin/../lib/gcc/arm-none-eabi/12.2.1/../../../../arm-none-eabi/lib/thumb/v7-m/nofp/libc_nano.a(libc_a-init.o)
 .debug_frame   0x00000000000016ec       0x20 /home/tanjie/EmbeddedLibrary/arm-gnu-toolchain-12.2.rel1-x86_64-arm-none-eabi/bin/../lib/gcc/arm-none-eabi/12.2.1/../../../../arm-none-eabi/lib/thumb/v7-m/nofp/libc_nano.a(libc_a-memset.o)

Cross Reference Table

Symbol                                            File
ADC1_2_IRQHandler                                 build/startup_stm32f103xe.o
ADC3_IRQHandler                                   build/startup_stm32f103xe.o
AHBPrescTable                                     build/system_stm32f1xx.o
                                                  build/stm32f1xx_hal_rcc.o
APBPrescTable                                     build/system_stm32f1xx.o
                                                  build/stm32f1xx_hal_rcc.o
BusFault_Handler                                  build/stm32f1xx_it.o
CAN1_RX1_IRQHandler                               build/startup_stm32f103xe.o
CAN1_SCE_IRQHandler                               build/startup_stm32f103xe.o
DMA1_Channel1_IRQHandler                          build/startup_stm32f103xe.o
DMA1_Channel2_IRQHandler                          build/startup_stm32f103xe.o
DMA1_Channel3_IRQHandler                          build/startup_stm32f103xe.o
DMA1_Channel4_IRQHandler                          build/startup_stm32f103xe.o
DMA1_Channel5_IRQHandler                          build/startup_stm32f103xe.o
DMA1_Channel6_IRQHandler                          build/startup_stm32f103xe.o
DMA1_Channel7_IRQHandler                          build/startup_stm32f103xe.o
DMA2_Channel1_IRQHandler                          build/startup_stm32f103xe.o
DMA2_Channel2_IRQHandler                          build/startup_stm32f103xe.o
DMA2_Channel3_IRQHandler                          build/startup_stm32f103xe.o
DMA2_Channel4_5_IRQHandler                        build/startup_stm32f103xe.o
DebugMon_Handler                                  build/stm32f1xx_it.o
Default_Handler                                   build/startup_stm32f103xe.o
EXTI0_IRQHandler                                  build/startup_stm32f103xe.o
EXTI15_10_IRQHandler                              build/startup_stm32f103xe.o
EXTI1_IRQHandler                                  build/startup_stm32f103xe.o
EXTI2_IRQHandler                                  build/startup_stm32f103xe.o
EXTI3_IRQHandler                                  build/startup_stm32f103xe.o
EXTI4_IRQHandler                                  build/startup_stm32f103xe.o
EXTI9_5_IRQHandler                                build/startup_stm32f103xe.o
Error_Handler                                     build/main.o
                                                  build/usbd_conf.o
                                                  build/usb_device.o
FLASH_IRQHandler                                  build/startup_stm32f103xe.o
FLASH_PageErase                                   build/stm32f1xx_hal_flash_ex.o
                                                  build/stm32f1xx_hal_flash.o
FLASH_WaitForLastOperation                        build/stm32f1xx_hal_flash.o
                                                  build/stm32f1xx_hal_flash_ex.o
FSMC_IRQHandler                                   build/startup_stm32f103xe.o
FS_Desc                                           build/usbd_desc.o
                                                  build/usb_device.o
HAL_DBGMCU_DisableDBGSleepMode                    build/stm32f1xx_hal.o
HAL_DBGMCU_DisableDBGStandbyMode                  build/stm32f1xx_hal.o
HAL_DBGMCU_DisableDBGStopMode                     build/stm32f1xx_hal.o
HAL_DBGMCU_EnableDBGSleepMode                     build/stm32f1xx_hal.o
HAL_DBGMCU_EnableDBGStandbyMode                   build/stm32f1xx_hal.o
HAL_DBGMCU_EnableDBGStopMode                      build/stm32f1xx_hal.o
HAL_DMA_Abort                                     build/stm32f1xx_hal_dma.o
HAL_DMA_Abort_IT                                  build/stm32f1xx_hal_dma.o
HAL_DMA_DeInit                                    build/stm32f1xx_hal_dma.o
HAL_DMA_GetError                                  build/stm32f1xx_hal_dma.o
HAL_DMA_GetState                                  build/stm32f1xx_hal_dma.o
HAL_DMA_IRQHandler                                build/stm32f1xx_hal_dma.o
HAL_DMA_Init                                      build/stm32f1xx_hal_dma.o
HAL_DMA_PollForTransfer                           build/stm32f1xx_hal_dma.o
HAL_DMA_RegisterCallback                          build/stm32f1xx_hal_dma.o
HAL_DMA_Start                                     build/stm32f1xx_hal_dma.o
HAL_DMA_Start_IT                                  build/stm32f1xx_hal_dma.o
HAL_DMA_UnRegisterCallback                        build/stm32f1xx_hal_dma.o
HAL_DeInit                                        build/stm32f1xx_hal.o
HAL_Delay                                         build/stm32f1xx_hal.o
                                                  build/usbd_conf.o
HAL_EXTI_ClearConfigLine                          build/stm32f1xx_hal_exti.o
HAL_EXTI_ClearPending                             build/stm32f1xx_hal_exti.o
HAL_EXTI_GenerateSWI                              build/stm32f1xx_hal_exti.o
HAL_EXTI_GetConfigLine                            build/stm32f1xx_hal_exti.o
HAL_EXTI_GetHandle                                build/stm32f1xx_hal_exti.o
HAL_EXTI_GetPending                               build/stm32f1xx_hal_exti.o
HAL_EXTI_IRQHandler                               build/stm32f1xx_hal_exti.o
HAL_EXTI_RegisterCallback                         build/stm32f1xx_hal_exti.o
HAL_EXTI_SetConfigLine                            build/stm32f1xx_hal_exti.o
HAL_FLASHEx_Erase                                 build/stm32f1xx_hal_flash_ex.o
HAL_FLASHEx_Erase_IT                              build/stm32f1xx_hal_flash_ex.o
HAL_FLASHEx_OBErase                               build/stm32f1xx_hal_flash_ex.o
HAL_FLASHEx_OBGetConfig                           build/stm32f1xx_hal_flash_ex.o
HAL_FLASHEx_OBGetUserData                         build/stm32f1xx_hal_flash_ex.o
HAL_FLASHEx_OBProgram                             build/stm32f1xx_hal_flash_ex.o
HAL_FLASH_EndOfOperationCallback                  build/stm32f1xx_hal_flash.o
HAL_FLASH_GetError                                build/stm32f1xx_hal_flash.o
HAL_FLASH_IRQHandler                              build/stm32f1xx_hal_flash.o
HAL_FLASH_Lock                                    build/stm32f1xx_hal_flash.o
HAL_FLASH_OB_Launch                               build/stm32f1xx_hal_flash.o
HAL_FLASH_OB_Lock                                 build/stm32f1xx_hal_flash.o
HAL_FLASH_OB_Unlock                               build/stm32f1xx_hal_flash.o
HAL_FLASH_OperationErrorCallback                  build/stm32f1xx_hal_flash.o
HAL_FLASH_Program                                 build/stm32f1xx_hal_flash.o
HAL_FLASH_Program_IT                              build/stm32f1xx_hal_flash.o
HAL_FLASH_Unlock                                  build/stm32f1xx_hal_flash.o
HAL_GPIOEx_ConfigEventout                         build/stm32f1xx_hal_gpio_ex.o
HAL_GPIOEx_DisableEventout                        build/stm32f1xx_hal_gpio_ex.o
HAL_GPIOEx_EnableEventout                         build/stm32f1xx_hal_gpio_ex.o
HAL_GPIO_DeInit                                   build/stm32f1xx_hal_gpio.o
HAL_GPIO_EXTI_Callback                            build/stm32f1xx_hal_gpio.o
HAL_GPIO_EXTI_IRQHandler                          build/stm32f1xx_hal_gpio.o
HAL_GPIO_Init                                     build/stm32f1xx_hal_gpio.o
                                                  build/stm32f1xx_hal_rcc.o
                                                  build/gpio.o
HAL_GPIO_LockPin                                  build/stm32f1xx_hal_gpio.o
HAL_GPIO_ReadPin                                  build/stm32f1xx_hal_gpio.o
                                                  build/main.o
HAL_GPIO_TogglePin                                build/stm32f1xx_hal_gpio.o
HAL_GPIO_WritePin                                 build/stm32f1xx_hal_gpio.o
HAL_GetDEVID                                      build/stm32f1xx_hal.o
HAL_GetHalVersion                                 build/stm32f1xx_hal.o
HAL_GetREVID                                      build/stm32f1xx_hal.o
HAL_GetTick                                       build/stm32f1xx_hal.o
                                                  build/stm32f1xx_hal_flash.o
                                                  build/stm32f1xx_hal_dma.o
                                                  build/stm32f1xx_hal_rcc_ex.o
                                                  build/stm32f1xx_hal_rcc.o
HAL_GetTickFreq                                   build/stm32f1xx_hal.o
HAL_GetTickPrio                                   build/stm32f1xx_hal.o
HAL_GetUIDw0                                      build/stm32f1xx_hal.o
HAL_GetUIDw1                                      build/stm32f1xx_hal.o
HAL_GetUIDw2                                      build/stm32f1xx_hal.o
HAL_IncTick                                       build/stm32f1xx_hal.o
                                                  build/stm32f1xx_it.o
HAL_Init                                          build/stm32f1xx_hal.o
                                                  build/main.o
HAL_InitTick                                      build/stm32f1xx_hal.o
                                                  build/stm32f1xx_hal_rcc.o
HAL_MspDeInit                                     build/stm32f1xx_hal.o
HAL_MspInit                                       build/stm32f1xx_hal_msp.o
HAL_NVIC_ClearPendingIRQ                          build/stm32f1xx_hal_cortex.o
HAL_NVIC_DisableIRQ                               build/stm32f1xx_hal_cortex.o
                                                  build/usbd_conf.o
HAL_NVIC_EnableIRQ                                build/stm32f1xx_hal_cortex.o
                                                  build/usbd_conf.o
HAL_NVIC_GetActive                                build/stm32f1xx_hal_cortex.o
HAL_NVIC_GetPendingIRQ                            build/stm32f1xx_hal_cortex.o
HAL_NVIC_GetPriority                              build/stm32f1xx_hal_cortex.o
HAL_NVIC_GetPriorityGrouping                      build/stm32f1xx_hal_cortex.o
HAL_NVIC_SetPendingIRQ                            build/stm32f1xx_hal_cortex.o
HAL_NVIC_SetPriority                              build/stm32f1xx_hal_cortex.o
                                                  build/stm32f1xx_hal.o
                                                  build/usbd_conf.o
HAL_NVIC_SetPriorityGrouping                      build/stm32f1xx_hal_cortex.o
                                                  build/stm32f1xx_hal.o
HAL_NVIC_SystemReset                              build/stm32f1xx_hal_cortex.o
                                                  build/stm32f1xx_hal_flash.o
HAL_PCDEx_BCD_Callback                            build/stm32f1xx_hal_pcd_ex.o
HAL_PCDEx_LPM_Callback                            build/stm32f1xx_hal_pcd_ex.o
HAL_PCDEx_PMAConfig                               build/stm32f1xx_hal_pcd_ex.o
                                                  build/usbd_conf.o
HAL_PCDEx_SetConnectionState                      build/usbd_conf.o
                                                  build/stm32f1xx_hal_pcd.o
HAL_PCD_ActivateRemoteWakeup                      build/stm32f1xx_hal_pcd.o
HAL_PCD_ConnectCallback                           build/usbd_conf.o
HAL_PCD_DataInStageCallback                       build/usbd_conf.o
HAL_PCD_DataOutStageCallback                      build/usbd_conf.o
HAL_PCD_DeActivateRemoteWakeup                    build/stm32f1xx_hal_pcd.o
HAL_PCD_DeInit                                    build/stm32f1xx_hal_pcd.o
                                                  build/usbd_conf.o
HAL_PCD_DevConnect                                build/stm32f1xx_hal_pcd.o
HAL_PCD_DevDisconnect                             build/stm32f1xx_hal_pcd.o
HAL_PCD_DisconnectCallback                        build/usbd_conf.o
HAL_PCD_EP_Close                                  build/stm32f1xx_hal_pcd.o
                                                  build/usbd_conf.o
HAL_PCD_EP_ClrStall                               build/stm32f1xx_hal_pcd.o
                                                  build/usbd_conf.o
HAL_PCD_EP_Flush                                  build/stm32f1xx_hal_pcd.o
                                                  build/usbd_conf.o
HAL_PCD_EP_GetRxCount                             build/stm32f1xx_hal_pcd.o
                                                  build/usbd_conf.o
HAL_PCD_EP_Open                                   build/stm32f1xx_hal_pcd.o
                                                  build/usbd_conf.o
HAL_PCD_EP_Receive                                build/stm32f1xx_hal_pcd.o
                                                  build/usbd_conf.o
HAL_PCD_EP_SetStall                               build/stm32f1xx_hal_pcd.o
                                                  build/usbd_conf.o
HAL_PCD_EP_Transmit                               build/stm32f1xx_hal_pcd.o
                                                  build/usbd_conf.o
HAL_PCD_GetState                                  build/stm32f1xx_hal_pcd.o
HAL_PCD_IRQHandler                                build/stm32f1xx_hal_pcd.o
                                                  build/stm32f1xx_it.o
HAL_PCD_ISOINIncompleteCallback                   build/usbd_conf.o
HAL_PCD_ISOOUTIncompleteCallback                  build/usbd_conf.o
HAL_PCD_Init                                      build/stm32f1xx_hal_pcd.o
                                                  build/usbd_conf.o
HAL_PCD_MspDeInit                                 build/usbd_conf.o
HAL_PCD_MspInit                                   build/usbd_conf.o
HAL_PCD_ResetCallback                             build/usbd_conf.o
HAL_PCD_ResumeCallback                            build/usbd_conf.o
HAL_PCD_SOFCallback                               build/usbd_conf.o
HAL_PCD_SetAddress                                build/stm32f1xx_hal_pcd.o
                                                  build/usbd_conf.o
HAL_PCD_SetupStageCallback                        build/usbd_conf.o
HAL_PCD_Start                                     build/stm32f1xx_hal_pcd.o
                                                  build/usbd_conf.o
HAL_PCD_Stop                                      build/stm32f1xx_hal_pcd.o
                                                  build/usbd_conf.o
HAL_PCD_SuspendCallback                           build/usbd_conf.o
HAL_PCD_WKUP_IRQHandler                           build/stm32f1xx_hal_pcd.o
HAL_PWR_ConfigPVD                                 build/stm32f1xx_hal_pwr.o
HAL_PWR_DeInit                                    build/stm32f1xx_hal_pwr.o
HAL_PWR_DisableBkUpAccess                         build/stm32f1xx_hal_pwr.o
HAL_PWR_DisablePVD                                build/stm32f1xx_hal_pwr.o
HAL_PWR_DisableSEVOnPend                          build/stm32f1xx_hal_pwr.o
HAL_PWR_DisableSleepOnExit                        build/stm32f1xx_hal_pwr.o
HAL_PWR_DisableWakeUpPin                          build/stm32f1xx_hal_pwr.o
HAL_PWR_EnableBkUpAccess                          build/stm32f1xx_hal_pwr.o
HAL_PWR_EnablePVD                                 build/stm32f1xx_hal_pwr.o
HAL_PWR_EnableSEVOnPend                           build/stm32f1xx_hal_pwr.o
HAL_PWR_EnableSleepOnExit                         build/stm32f1xx_hal_pwr.o
HAL_PWR_EnableWakeUpPin                           build/stm32f1xx_hal_pwr.o
HAL_PWR_EnterSLEEPMode                            build/stm32f1xx_hal_pwr.o
HAL_PWR_EnterSTANDBYMode                          build/stm32f1xx_hal_pwr.o
HAL_PWR_EnterSTOPMode                             build/stm32f1xx_hal_pwr.o
HAL_PWR_PVDCallback                               build/stm32f1xx_hal_pwr.o
HAL_PWR_PVD_IRQHandler                            build/stm32f1xx_hal_pwr.o
HAL_RCCEx_GetPeriphCLKConfig                      build/stm32f1xx_hal_rcc_ex.o
HAL_RCCEx_GetPeriphCLKFreq                        build/stm32f1xx_hal_rcc_ex.o
HAL_RCCEx_PeriphCLKConfig                         build/stm32f1xx_hal_rcc_ex.o
                                                  build/main.o
HAL_RCC_CSSCallback                               build/stm32f1xx_hal_rcc.o
HAL_RCC_ClockConfig                               build/stm32f1xx_hal_rcc.o
                                                  build/main.o
HAL_RCC_DeInit                                    build/stm32f1xx_hal_rcc.o
HAL_RCC_DisableCSS                                build/stm32f1xx_hal_rcc.o
HAL_RCC_EnableCSS                                 build/stm32f1xx_hal_rcc.o
HAL_RCC_GetClockConfig                            build/stm32f1xx_hal_rcc.o
HAL_RCC_GetHCLKFreq                               build/stm32f1xx_hal_rcc.o
HAL_RCC_GetOscConfig                              build/stm32f1xx_hal_rcc.o
HAL_RCC_GetPCLK1Freq                              build/stm32f1xx_hal_rcc.o
HAL_RCC_GetPCLK2Freq                              build/stm32f1xx_hal_rcc.o
                                                  build/stm32f1xx_hal_rcc_ex.o
HAL_RCC_GetSysClockFreq                           build/stm32f1xx_hal_rcc.o
                                                  build/stm32f1xx_hal_rcc_ex.o
HAL_RCC_MCOConfig                                 build/stm32f1xx_hal_rcc.o
HAL_RCC_NMI_IRQHandler                            build/stm32f1xx_hal_rcc.o
HAL_RCC_OscConfig                                 build/stm32f1xx_hal_rcc.o
                                                  build/main.o
HAL_ResumeTick                                    build/stm32f1xx_hal.o
HAL_SYSTICK_CLKSourceConfig                       build/stm32f1xx_hal_cortex.o
                                                  build/delay.o
HAL_SYSTICK_Callback                              build/stm32f1xx_hal_cortex.o
HAL_SYSTICK_Config                                build/stm32f1xx_hal_cortex.o
                                                  build/stm32f1xx_hal.o
HAL_SYSTICK_IRQHandler                            build/stm32f1xx_hal_cortex.o
HAL_SetTickFreq                                   build/stm32f1xx_hal.o
HAL_SuspendTick                                   build/stm32f1xx_hal.o
HardFault_Handler                                 build/stm32f1xx_it.o
I2C1_ER_IRQHandler                                build/startup_stm32f103xe.o
I2C1_EV_IRQHandler                                build/startup_stm32f103xe.o
I2C2_ER_IRQHandler                                build/startup_stm32f103xe.o
I2C2_EV_IRQHandler                                build/startup_stm32f103xe.o
MX_GPIO_Init                                      build/gpio.o
                                                  build/main.o
MX_USB_DEVICE_Init                                build/usb_device.o
                                                  build/main.o
MemManage_Handler                                 build/stm32f1xx_it.o
NMI_Handler                                       build/stm32f1xx_it.o
PVD_IRQHandler                                    build/startup_stm32f103xe.o
PendSV_Handler                                    build/stm32f1xx_it.o
RCC_IRQHandler                                    build/startup_stm32f103xe.o
RTC_Alarm_IRQHandler                              build/startup_stm32f103xe.o
RTC_IRQHandler                                    build/startup_stm32f103xe.o
Reset_Handler                                     build/startup_stm32f103xe.o
SDIO_IRQHandler                                   build/startup_stm32f103xe.o
SPI1_IRQHandler                                   build/startup_stm32f103xe.o
SPI2_IRQHandler                                   build/startup_stm32f103xe.o
SPI3_IRQHandler                                   build/startup_stm32f103xe.o
SVC_Handler                                       build/stm32f1xx_it.o
SysTick_Handler                                   build/stm32f1xx_it.o
SystemClock_Config                                build/main.o
SystemCoreClock                                   build/system_stm32f1xx.o
                                                  build/delay.o
                                                  build/stm32f1xx_hal_rcc.o
                                                  build/stm32f1xx_hal.o
SystemCoreClockUpdate                             build/system_stm32f1xx.o
SystemInit                                        build/system_stm32f1xx.o
                                                  build/startup_stm32f103xe.o
TAMPER_IRQHandler                                 build/startup_stm32f103xe.o
TIM1_BRK_IRQHandler                               build/startup_stm32f103xe.o
TIM1_CC_IRQHandler                                build/startup_stm32f103xe.o
TIM1_TRG_COM_IRQHandler                           build/startup_stm32f103xe.o
TIM1_UP_IRQHandler                                build/startup_stm32f103xe.o
TIM2_IRQHandler                                   build/startup_stm32f103xe.o
TIM3_IRQHandler                                   build/startup_stm32f103xe.o
TIM4_IRQHandler                                   build/startup_stm32f103xe.o
TIM5_IRQHandler                                   build/startup_stm32f103xe.o
TIM6_IRQHandler                                   build/startup_stm32f103xe.o
TIM7_IRQHandler                                   build/startup_stm32f103xe.o
TIM8_BRK_IRQHandler                               build/startup_stm32f103xe.o
TIM8_CC_IRQHandler                                build/startup_stm32f103xe.o
TIM8_TRG_COM_IRQHandler                           build/startup_stm32f103xe.o
TIM8_UP_IRQHandler                                build/startup_stm32f103xe.o
UART4_IRQHandler                                  build/startup_stm32f103xe.o
UART5_IRQHandler                                  build/startup_stm32f103xe.o
USART1_IRQHandler                                 build/startup_stm32f103xe.o
USART2_IRQHandler                                 build/startup_stm32f103xe.o
USART3_IRQHandler                                 build/startup_stm32f103xe.o
USBD_ClrClassConfig                               build/usbd_core.o
                                                  build/usbd_ctlreq.o
USBD_CtlContinueRx                                build/usbd_ioreq.o
                                                  build/usbd_core.o
USBD_CtlContinueSendData                          build/usbd_ioreq.o
                                                  build/usbd_core.o
USBD_CtlError                                     build/usbd_ctlreq.o
                                                  build/usbd_hid.o
USBD_CtlPrepareRx                                 build/usbd_ioreq.o
USBD_CtlReceiveStatus                             build/usbd_ioreq.o
                                                  build/usbd_core.o
USBD_CtlSendData                                  build/usbd_ioreq.o
                                                  build/usbd_hid.o
                                                  build/usbd_ctlreq.o
USBD_CtlSendStatus                                build/usbd_ioreq.o
                                                  build/usbd_ctlreq.o
                                                  build/usbd_core.o
USBD_DeInit                                       build/usbd_core.o
USBD_FS_ConfigStrDescriptor                       build/usbd_desc.o
USBD_FS_DeviceDesc                                build/usbd_desc.o
USBD_FS_DeviceDescriptor                          build/usbd_desc.o
USBD_FS_InterfaceStrDescriptor                    build/usbd_desc.o
USBD_FS_LangIDStrDescriptor                       build/usbd_desc.o
USBD_FS_ManufacturerStrDescriptor                 build/usbd_desc.o
USBD_FS_ProductStrDescriptor                      build/usbd_desc.o
USBD_FS_SerialStrDescriptor                       build/usbd_desc.o
USBD_GetRxCount                                   build/usbd_ioreq.o
USBD_GetString                                    build/usbd_ctlreq.o
                                                  build/usbd_desc.o
USBD_HID                                          build/usbd_hid.o
                                                  build/usb_device.o
USBD_HID_GetPollingInterval                       build/usbd_hid.o
USBD_HID_SendReport                               build/usbd_hid.o
                                                  build/main.o
USBD_Init                                         build/usbd_core.o
                                                  build/usb_device.o
USBD_LL_ClearStallEP                              build/usbd_conf.o
                                                  build/usbd_ctlreq.o
USBD_LL_CloseEP                                   build/usbd_conf.o
                                                  build/usbd_hid.o
USBD_LL_DataInStage                               build/usbd_core.o
                                                  build/usbd_conf.o
USBD_LL_DataOutStage                              build/usbd_core.o
                                                  build/usbd_conf.o
USBD_LL_DeInit                                    build/usbd_conf.o
                                                  build/usbd_core.o
USBD_LL_Delay                                     build/usbd_conf.o
USBD_LL_DevConnected                              build/usbd_core.o
                                                  build/usbd_conf.o
USBD_LL_DevDisconnected                           build/usbd_core.o
                                                  build/usbd_conf.o
USBD_LL_FlushEP                                   build/usbd_conf.o
USBD_LL_GetRxDataSize                             build/usbd_conf.o
                                                  build/usbd_ioreq.o
USBD_LL_Init                                      build/usbd_conf.o
                                                  build/usbd_core.o
USBD_LL_IsStallEP                                 build/usbd_conf.o
                                                  build/usbd_ctlreq.o
USBD_LL_IsoINIncomplete                           build/usbd_core.o
                                                  build/usbd_conf.o
USBD_LL_IsoOUTIncomplete                          build/usbd_core.o
                                                  build/usbd_conf.o
USBD_LL_OpenEP                                    build/usbd_conf.o
                                                  build/usbd_hid.o
                                                  build/usbd_core.o
USBD_LL_PrepareReceive                            build/usbd_conf.o
                                                  build/usbd_ioreq.o
                                                  build/usbd_core.o
USBD_LL_Reset                                     build/usbd_core.o
                                                  build/usbd_conf.o
USBD_LL_Resume                                    build/usbd_core.o
                                                  build/usbd_conf.o
USBD_LL_SOF                                       build/usbd_core.o
                                                  build/usbd_conf.o
USBD_LL_SetSpeed                                  build/usbd_core.o
                                                  build/usbd_conf.o
USBD_LL_SetUSBAddress                             build/usbd_conf.o
                                                  build/usbd_ctlreq.o
USBD_LL_SetupStage                                build/usbd_core.o
                                                  build/usbd_conf.o
USBD_LL_StallEP                                   build/usbd_conf.o
                                                  build/usbd_ctlreq.o
                                                  build/usbd_core.o
USBD_LL_Start                                     build/usbd_conf.o
                                                  build/usbd_core.o
USBD_LL_Stop                                      build/usbd_conf.o
                                                  build/usbd_core.o
USBD_LL_Suspend                                   build/usbd_core.o
                                                  build/usbd_conf.o
USBD_LL_Transmit                                  build/usbd_conf.o
                                                  build/usbd_hid.o
                                                  build/usbd_ioreq.o
USBD_LangIDDesc                                   build/usbd_desc.o
USBD_ParseSetupRequest                            build/usbd_ctlreq.o
                                                  build/usbd_core.o
USBD_RegisterClass                                build/usbd_core.o
                                                  build/usb_device.o
USBD_RunTestMode                                  build/usbd_core.o
USBD_SetClassConfig                               build/usbd_core.o
                                                  build/usbd_ctlreq.o
USBD_Start                                        build/usbd_core.o
                                                  build/usb_device.o
USBD_StdDevReq                                    build/usbd_ctlreq.o
                                                  build/usbd_core.o
USBD_StdEPReq                                     build/usbd_ctlreq.o
                                                  build/usbd_core.o
USBD_StdItfReq                                    build/usbd_ctlreq.o
                                                  build/usbd_core.o
USBD_Stop                                         build/usbd_core.o
USBD_StrDesc                                      build/usbd_desc.o
USBD_StringSerial                                 build/usbd_desc.o
USBD_static_free                                  build/usbd_conf.o
                                                  build/usbd_hid.o
USBD_static_malloc                                build/usbd_conf.o
                                                  build/usbd_hid.o
USBWakeUp_IRQHandler                              build/startup_stm32f103xe.o
USB_ActivateEndpoint                              build/stm32f1xx_ll_usb.o
                                                  build/stm32f1xx_hal_pcd.o
USB_ActivateRemoteWakeup                          build/stm32f1xx_ll_usb.o
                                                  build/stm32f1xx_hal_pcd.o
USB_ClearInterrupts                               build/stm32f1xx_ll_usb.o
USB_CoreInit                                      build/stm32f1xx_ll_usb.o
                                                  build/stm32f1xx_hal_pcd.o
USB_DeActivateRemoteWakeup                        build/stm32f1xx_ll_usb.o
                                                  build/stm32f1xx_hal_pcd.o
USB_DeactivateEndpoint                            build/stm32f1xx_ll_usb.o
                                                  build/stm32f1xx_hal_pcd.o
USB_DevConnect                                    build/stm32f1xx_ll_usb.o
                                                  build/stm32f1xx_hal_pcd.o
USB_DevDisconnect                                 build/stm32f1xx_ll_usb.o
                                                  build/stm32f1xx_hal_pcd.o
USB_DevInit                                       build/stm32f1xx_ll_usb.o
                                                  build/stm32f1xx_hal_pcd.o
USB_DisableGlobalInt                              build/stm32f1xx_ll_usb.o
                                                  build/stm32f1xx_hal_pcd.o
USB_EP0_OutStart                                  build/stm32f1xx_ll_usb.o
                                                  build/stm32f1xx_hal_pcd.o
USB_EPClearStall                                  build/stm32f1xx_ll_usb.o
                                                  build/stm32f1xx_hal_pcd.o
USB_EPSetStall                                    build/stm32f1xx_ll_usb.o
                                                  build/stm32f1xx_hal_pcd.o
USB_EPStartXfer                                   build/stm32f1xx_ll_usb.o
                                                  build/stm32f1xx_hal_pcd.o
USB_EnableGlobalInt                               build/stm32f1xx_ll_usb.o
                                                  build/stm32f1xx_hal_pcd.o
USB_FlushRxFifo                                   build/stm32f1xx_ll_usb.o
                                                  build/stm32f1xx_hal_pcd.o
USB_FlushTxFifo                                   build/stm32f1xx_ll_usb.o
                                                  build/stm32f1xx_hal_pcd.o
USB_HP_CAN1_TX_IRQHandler                         build/startup_stm32f103xe.o
USB_LP_CAN1_RX0_IRQHandler                        build/stm32f1xx_it.o
USB_ReadDevAllInEpInterrupt                       build/stm32f1xx_ll_usb.o
USB_ReadDevAllOutEpInterrupt                      build/stm32f1xx_ll_usb.o
USB_ReadDevInEPInterrupt                          build/stm32f1xx_ll_usb.o
USB_ReadDevOutEPInterrupt                         build/stm32f1xx_ll_usb.o
USB_ReadInterrupts                                build/stm32f1xx_ll_usb.o
                                                  build/stm32f1xx_hal_pcd.o
USB_ReadPMA                                       build/stm32f1xx_ll_usb.o
                                                  build/stm32f1xx_hal_pcd.o
USB_SetCurrentMode                                build/stm32f1xx_ll_usb.o
                                                  build/stm32f1xx_hal_pcd.o
USB_SetDevAddress                                 build/stm32f1xx_ll_usb.o
                                                  build/stm32f1xx_hal_pcd.o
USB_StopDevice                                    build/stm32f1xx_ll_usb.o
                                                  build/stm32f1xx_hal_pcd.o
USB_WritePMA                                      build/stm32f1xx_ll_usb.o
                                                  build/stm32f1xx_hal_pcd.o